
> citz-sbc-queue@0.1.0 test
> vitest


[1m[44m DEV [49m[22m [34mv3.2.4 [39m[90mC:/Repos/citz-sbc-queue[39m

 [32mΓ£ô[39m src/components/common/select/SelectInput.test.tsx [2m([22m[2m4 tests[22m[2m)[22m[32m 149[2mms[22m[39m
 [32mΓ£ô[39m src/components/common/textarea/TextArea.test.tsx [2m([22m[2m6 tests[22m[2m)[22m[32m 207[2mms[22m[39m
 [32mΓ£ô[39m src/components/common/textfield/TextField.test.tsx [2m([22m[2m7 tests[22m[2m)[22m[32m 190[2mms[22m[39m
 [32mΓ£ô[39m src/hooks/useGeocoderAutocomplete/useGeocodeAutocomplete.test.ts [2m([22m[2m8 tests[22m[2m)[22m[33m 354[2mms[22m[39m
 [32mΓ£ô[39m src/components/common/switch/Switch.test.tsx [2m([22m[2m19 tests[22m[2m)[22m[33m 411[2mms[22m[39m
 [32mΓ£ô[39m src/components/settings/service_categories/EditServiceCategoryModal/EditServiceCategoryModal.test.tsx [2m([22m[2m2 tests[22m[2m)[22m[32m 123[2mms[22m[39m
 [32mΓ£ô[39m src/components/settings/locations/EditLocationModal/EditLocationModal.test.tsx [2m([22m[2m7 tests[22m[2m)[22m[32m 229[2mms[22m[39m
node.exe : [90mstderr[2m | src/components/settings/users/ConfirmArchiveUserMo
dal/ConfirmArchiveUserModal.test.tsx[2m > 
[22m[2mConfirmArchiveUserModal[2m > [22m[2marchives a user when the 
correct username is entered and confirmed
At C:\Program Files\nodejs\npm.ps1:29 char:3
+   & $NODE_EXE $NPM_CLI_JS $args
+   ~~~~~~~~~~~~~~~~~~~~~~~~~~~~~
    + CategoryInfo          : NotSpecified: ([90mstderr[2m...d and confirmed 
   :String) [], RemoteException
    + FullyQualifiedErrorId : NativeCommandError
 
[22m[39mError: Not implemented: navigation (except hash changes)
    at module.exports (C:\Repos\citz-sbc-queue\node_modules\jsdom\lib\jsdom\bro
wser\not-implemented.js:9:17)
    at navigateFetch (C:\Repos\citz-sbc-queue\node_modules\jsdom\lib\jsdom\livi
ng\window\navigation.js:77:3)
    at exports.navigate (C:\Repos\citz-sbc-queue\node_modules\jsdom\lib\jsdom\l
iving\window\navigation.js:55:3)
    at LocationImpl._locationObjectNavigate (C:\Repos\citz-sbc-queue\node_modul
es\jsdom\lib\jsdom\living\window\Location-impl.js:31:5)
    at LocationImpl._locationObjectSetterNavigate (C:\Repos\citz-sbc-queue\node
_modules\jsdom\lib\jsdom\living\window\Location-impl.js:25:17)
    at LocationImpl.set href [as href] (C:\Repos\citz-sbc-queue\node_modules\js
dom\lib\jsdom\living\window\Location-impl.js:47:10)
    at Location.set href [as href] (C:\Repos\citz-sbc-queue\node_modules\jsdom\
lib\jsdom\living\generated\Location.js:125:37)
    at handleSave (C:\Repos\citz-sbc-queue\src\components\settings\users\Confir
mArchiveUserModal\ConfirmArchiveUserModal.tsx:56:25) [90mundefined[39m

[90mstderr[2m | src/components/settings/service_categories/ConfirmArchiveServ
iceCategoryModal/ConfirmArchiveServiceCategoryModal.test.tsx[2m > 
[22m[2mConfirmArchiveServiceCategoryModal[2m > [22m[2marchives a service 
category when the correct name is entered and confirmed
[22m[39mError: Not implemented: navigation (except hash changes)
    at module.exports (C:\Repos\citz-sbc-queue\node_modules\jsdom\lib\jsdom\bro
wser\not-implemented.js:9:17)
    at navigateFetch (C:\Repos\citz-sbc-queue\node_modules\jsdom\lib\jsdom\livi
ng\window\navigation.js:77:3)
    at exports.navigate (C:\Repos\citz-sbc-queue\node_modules\jsdom\lib\jsdom\l
iving\window\navigation.js:55:3)
    at LocationImpl._locationObjectNavigate (C:\Repos\citz-sbc-queue\node_modul
es\jsdom\lib\jsdom\living\window\Location-impl.js:31:5)
    at LocationImpl._locationObjectSetterNavigate (C:\Repos\citz-sbc-queue\node
_modules\jsdom\lib\jsdom\living\window\Location-impl.js:25:17)
    at LocationImpl.set href [as href] (C:\Repos\citz-sbc-queue\node_modules\js
dom\lib\jsdom\living\window\Location-impl.js:47:10)
    at Location.set href [as href] (C:\Repos\citz-sbc-queue\node_modules\jsdom\
lib\jsdom\living\generated\Location.js:125:37)
    at handleSave (C:\Repos\citz-sbc-queue\src\components\settings\service_cate
gories\ConfirmArchiveServiceCategoryModal\ConfirmArchiveServiceCategoryModal.ts
x:90:25) [90mundefined[39m

 [32mΓ£ô[39m src/components/settings/users/ConfirmArchiveUserModal/ConfirmArchiveUserModal.test.tsx [2m([22m[2m1 test[22m[2m)[22m[33m 346[2mms[22m[39m
   [33m[2mΓ£ô[22m[39m ConfirmArchiveUserModal[2m > [22marchives a user when the correct username is entered and confirmed [33m 344[2mms[22m[39m
[90mstderr[2m | src/components/settings/services/ConfirmArchiveServiceModal/C
onfirmArchiveServiceModal.test.tsx[2m > 
[22m[2mConfirmArchiveServiceModal[2m > [22m[2marchives a service when the 
correct name is entered and confirmed
[22m[39mError: Not implemented: navigation (except hash changes)
    at module.exports (C:\Repos\citz-sbc-queue\node_modules\jsdom\lib\jsdom\bro
wser\not-implemented.js:9:17)
    at navigateFetch (C:\Repos\citz-sbc-queue\node_modules\jsdom\lib\jsdom\livi
ng\window\navigation.js:77:3)
    at exports.navigate (C:\Repos\citz-sbc-queue\node_modules\jsdom\lib\jsdom\l
iving\window\navigation.js:55:3)
    at LocationImpl._locationObjectNavigate (C:\Repos\citz-sbc-queue\node_modul
es\jsdom\lib\jsdom\living\window\Location-impl.js:31:5)
    at LocationImpl._locationObjectSetterNavigate (C:\Repos\citz-sbc-queue\node
_modules\jsdom\lib\jsdom\living\window\Location-impl.js:25:17)
    at LocationImpl.set href [as href] (C:\Repos\citz-sbc-queue\node_modules\js
dom\lib\jsdom\living\window\Location-impl.js:47:10)
    at Location.set href [as href] (C:\Repos\citz-sbc-queue\node_modules\jsdom\
lib\jsdom\living\generated\Location.js:125:37)
    at handleSave (C:\Repos\citz-sbc-queue\src\components\settings\services\Con
firmArchiveServiceModal\ConfirmArchiveServiceModal.tsx:55:25) 
[90mundefined[39m

 [32mΓ£ô[39m src/components/common/select/MultiSelect.test.tsx [2m([22m[2m5 tests[22m[2m)[22m[33m 784[2mms[22m[39m
 [32mΓ£ô[39m src/components/geocoder/AddressAutocomplete.test.tsx [2m([22m[2m14 tests[22m[2m)[22m[33m 819[2mms[22m[39m
[90mstderr[2m | src/components/settings/service_categories/ConfirmArchiveServ
iceCategoryModal/ConfirmArchiveServiceCategoryModal.test.tsx[2m > 
[22m[2mConfirmArchiveServiceCategoryModal[2m > [22m[2munarchives a 
service category when already archived and confirmation matches
[22m[39mError: Not implemented: navigation (except hash changes)
    at module.exports (C:\Repos\citz-sbc-queue\node_modules\jsdom\lib\jsdom\bro
wser\not-implemented.js:9:17)
    at navigateFetch (C:\Repos\citz-sbc-queue\node_modules\jsdom\lib\jsdom\livi
ng\window\navigation.js:77:3)
    at exports.navigate (C:\Repos\citz-sbc-queue\node_modules\jsdom\lib\jsdom\l
iving\window\navigation.js:55:3)
    at LocationImpl._locationObjectNavigate (C:\Repos\citz-sbc-queue\node_modul
es\jsdom\lib\jsdom\living\window\Location-impl.js:31:5)
    at LocationImpl._locationObjectSetterNavigate (C:\Repos\citz-sbc-queue\node
_modules\jsdom\lib\jsdom\living\window\Location-impl.js:25:17)
    at LocationImpl.set href [as href] (C:\Repos\citz-sbc-queue\node_modules\js
dom\lib\jsdom\living\window\Location-impl.js:47:10)
    at Location.set href [as href] (C:\Repos\citz-sbc-queue\node_modules\jsdom\
lib\jsdom\living\generated\Location.js:125:37)
    at handleSave (C:\Repos\citz-sbc-queue\src\components\settings\service_cate
gories\ConfirmArchiveServiceCategoryModal\ConfirmArchiveServiceCategoryModal.ts
x:90:25) [90mundefined[39m

[90mstderr[2m | src/components/settings/services/ConfirmArchiveServiceModal/C
onfirmArchiveServiceModal.test.tsx[2m > 
[22m[2mConfirmArchiveServiceModal[2m > [22m[2munarchives a service when 
already archived and confirmation matches
[22m[39mError: Not implemented: navigation (except hash changes)
    at module.exports (C:\Repos\citz-sbc-queue\node_modules\jsdom\lib\jsdom\bro
wser\not-implemented.js:9:17)
    at navigateFetch (C:\Repos\citz-sbc-queue\node_modules\jsdom\lib\jsdom\livi
ng\window\navigation.js:77:3)
    at exports.navigate (C:\Repos\citz-sbc-queue\node_modules\jsdom\lib\jsdom\l
iving\window\navigation.js:55:3)
    at LocationImpl._locationObjectNavigate (C:\Repos\citz-sbc-queue\node_modul
es\jsdom\lib\jsdom\living\window\Location-impl.js:31:5)
    at LocationImpl._locationObjectSetterNavigate (C:\Repos\citz-sbc-queue\node
_modules\jsdom\lib\jsdom\living\window\Location-impl.js:25:17)
    at LocationImpl.set href [as href] (C:\Repos\citz-sbc-queue\node_modules\js
dom\lib\jsdom\living\window\Location-impl.js:47:10)
    at Location.set href [as href] (C:\Repos\citz-sbc-queue\node_modules\jsdom\
lib\jsdom\living\generated\Location.js:125:37)
    at handleSave (C:\Repos\citz-sbc-queue\src\components\settings\services\Con
firmArchiveServiceModal\ConfirmArchiveServiceModal.tsx:55:25) 
[90mundefined[39m

 [32mΓ£ô[39m src/components/settings/services/ConfirmArchiveServiceModal/ConfirmArchiveServiceModal.test.tsx [2m([22m[2m2 tests[22m[2m)[22m[33m 768[2mms[22m[39m
   [33m[2mΓ£ô[22m[39m ConfirmArchiveServiceModal[2m > [22marchives a service when the correct name is entered and confirmed [33m 404[2mms[22m[39m
   [33m[2mΓ£ô[22m[39m ConfirmArchiveServiceModal[2m > [22munarchives a service when already archived and confirmation matches [33m 362[2mms[22m[39m
 [32mΓ£ô[39m src/utils/auth/popup/pollPopupLogin.test.ts [2m([22m[2m6 tests[22m[2m)[22m[33m 1870[2mms[22m[39m
   [33m[2mΓ£ô[22m[39m pollPopupLogin[2m > [22mresolves with tokens when cookies are present [33m 306[2mms[22m[39m
   [33m[2mΓ£ô[22m[39m pollPopupLogin[2m > [22mrejects if popup is closed early [33m 313[2mms[22m[39m
   [33m[2mΓ£ô[22m[39m pollPopupLogin[2m > [22mrejects if required cookies are missing [33m 316[2mms[22m[39m
   [33m[2mΓ£ô[22m[39m pollPopupLogin[2m > [22mrejects if no cookies are present [33m 317[2mms[22m[39m
   [33m[2mΓ£ô[22m[39m pollPopupLogin[2m > [22mparses numeric cookie values correctly [33m 302[2mms[22m[39m
   [33m[2mΓ£ô[22m[39m pollPopupLogin[2m > [22mwaits for popup to be on callback URL before reading cookies [33m 314[2mms[22m[39m
[90mstderr[2m | src/components/settings/service_categories/ConfirmArchiveServ
iceCategoryModal/ConfirmArchiveServiceCategoryModal.test.tsx[2m > 
[22m[2mConfirmArchiveServiceCategoryModal[2m > [22m[2mhandles services 
when archiving a category with services
[22m[39mError: Not implemented: navigation (except hash changes)
    at module.exports (C:\Repos\citz-sbc-queue\node_modules\jsdom\lib\jsdom\bro
wser\not-implemented.js:9:17)
    at navigateFetch (C:\Repos\citz-sbc-queue\node_modules\jsdom\lib\jsdom\livi
ng\window\navigation.js:77:3)
    at exports.navigate (C:\Repos\citz-sbc-queue\node_modules\jsdom\lib\jsdom\l
iving\window\navigation.js:55:3)
    at LocationImpl._locationObjectNavigate (C:\Repos\citz-sbc-queue\node_modul
es\jsdom\lib\jsdom\living\window\Location-impl.js:31:5)
    at LocationImpl._locationObjectSetterNavigate (C:\Repos\citz-sbc-queue\node
_modules\jsdom\lib\jsdom\living\window\Location-impl.js:25:17)
    at LocationImpl.set href [as href] (C:\Repos\citz-sbc-queue\node_modules\js
dom\lib\jsdom\living\window\Location-impl.js:47:10)
    at Location.set href [as href] (C:\Repos\citz-sbc-queue\node_modules\jsdom\
lib\jsdom\living\generated\Location.js:125:37)
    at handleSave (C:\Repos\citz-sbc-queue\src\components\settings\service_cate
gories\ConfirmArchiveServiceCategoryModal\ConfirmArchiveServiceCategoryModal.ts
x:90:25) [90mundefined[39m

 [32mΓ£ô[39m src/app/api/auth/token/clear/route.test.ts [2m([22m[2m8 tests[22m[2m)[22m[32m 161[2mms[22m[39m
 [32mΓ£ô[39m src/app/api/auth/token/route.test.ts [2m([22m[2m12 tests[22m[2m)[22m[32m 124[2mms[22m[39m
 [32mΓ£ô[39m src/components/common/checkbox/CheckboxInput.test.tsx [2m([22m[2m4 tests[22m[2m)[22m[32m 187[2mms[22m[39m
[90mstderr[2m | src/components/settings/service_categories/ConfirmArchiveServ
iceCategoryModal/ConfirmArchiveServiceCategoryModal.test.tsx[2m > 
[22m[2mConfirmArchiveServiceCategoryModal[2m > [22m[2mrequires new 
category selection when reassigning services
[22m[39mError: Not implemented: navigation (except hash changes)
    at module.exports (C:\Repos\citz-sbc-queue\node_modules\jsdom\lib\jsdom\bro
wser\not-implemented.js:9:17)
    at navigateFetch (C:\Repos\citz-sbc-queue\node_modules\jsdom\lib\jsdom\livi
ng\window\navigation.js:77:3)
    at exports.navigate (C:\Repos\citz-sbc-queue\node_modules\jsdom\lib\jsdom\l
iving\window\navigation.js:55:3)
    at LocationImpl._locationObjectNavigate (C:\Repos\citz-sbc-queue\node_modul
es\jsdom\lib\jsdom\living\window\Location-impl.js:31:5)
    at LocationImpl._locationObjectSetterNavigate (C:\Repos\citz-sbc-queue\node
_modules\jsdom\lib\jsdom\living\window\Location-impl.js:25:17)
    at LocationImpl.set href [as href] (C:\Repos\citz-sbc-queue\node_modules\js
dom\lib\jsdom\living\window\Location-impl.js:47:10)
    at Location.set href [as href] (C:\Repos\citz-sbc-queue\node_modules\jsdom\
lib\jsdom\living\generated\Location.js:125:37)
    at handleSave (C:\Repos\citz-sbc-queue\src\components\settings\service_cate
gories\ConfirmArchiveServiceCategoryModal\ConfirmArchiveServiceCategoryModal.ts
x:90:25) [90mundefined[39m

 [31mΓ¥»[39m src/components/settings/service_categories/ConfirmArchiveServiceCategoryModal/ConfirmArchiveServiceCategoryModal.test.tsx [2m([22m[2m4 tests[22m[2m | [22m[31m1 failed[39m[2m)[22m[33m 1683[2mms[22m[39m
   [33m[2mΓ£ô[22m[39m ConfirmArchiveServiceCategoryModal[2m > [22marchives a service category when the correct name is entered and confirmed [33m 341[2mms[22m[39m
   [33m[2mΓ£ô[22m[39m ConfirmArchiveServiceCategoryModal[2m > [22munarchives a service category when already archived and confirmation matches [33m 332[2mms[22m[39m
   [33m[2mΓ£ô[22m[39m ConfirmArchiveServiceCategoryModal[2m > [22mhandles services when archiving a category with services [33m 482[2mms[22m[39m
[31m   [31m├ù[31m ConfirmArchiveServiceCategoryModal[2m > [22mrequires new category selection when reassigning services[39m[33m 526[2mms[22m[39m
[31m     ΓåÆ expected 2nd "spy" call to have been called with [ ObjectContaining{ΓÇª} ][39m
 [32mΓ£ô[39m src/components/settings/services/EditServiceModal/EditServiceModal.test.tsx [2m([22m[2m2 tests[22m[2m)[22m[32m 143[2mms[22m[39m
 [32mΓ£ô[39m src/components/auth/AuthExpiryModal/useAuthExpiry.test.ts [2m([22m[2m19 tests[22m[2m)[22m[32m 57[2mms[22m[39m
 [32mΓ£ô[39m src/app/api/auth/validate/route.test.ts [2m([22m[2m11 tests[22m[2m)[22m[32m 100[2mms[22m[39m
 [32mΓ£ô[39m src/app/api/auth/login/callback/route.test.ts [2m([22m[2m10 tests[22m[2m)[22m[32m 119[2mms[22m[39m
 [32mΓ£ô[39m src/hooks/useDataTable/useDataTable.test.ts [2m([22m[2m12 tests[22m[2m)[22m[32m 80[2mms[22m[39m
 [32mΓ£ô[39m src/components/common/header/Header.test.tsx [2m([22m[2m4 tests[22m[2m)[22m[32m 186[2mms[22m[39m
 [32mΓ£ô[39m src/components/common/header/navigation/Navigation.test.tsx [2m([22m[2m8 tests[22m[2m)[22m[32m 227[2mms[22m[39m
 [32mΓ£ô[39m src/components/user/ArchiveUserBlock/ArchiveUserBlock.test.tsx [2m([22m[2m2 tests[22m[2m)[22m[32m 129[2mms[22m[39m
 [32mΓ£ô[39m src/hooks/useDialog/useDialog.test.ts [2m([22m[2m23 tests[22m[2m)[22m[32m 100[2mms[22m[39m
 [32mΓ£ô[39m src/app/api/auth/logout/route.test.ts [2m([22m[2m6 tests[22m[2m)[22m[32m 64[2mms[22m[39m
 [32mΓ£ô[39m src/components/common/header/availability/AvailabilitySwitch.test.tsx [2m([22m[2m2 tests[22m[2m)[22m[32m 95[2mms[22m[39m
 [32mΓ£ô[39m src/proxy.test.ts [2m([22m[2m22 tests[22m[2m)[22m[32m 53[2mms[22m[39m
 [32mΓ£ô[39m src/components/common/datatable/DataTable.test.tsx [2m([22m[2m48 tests[22m[2m)[22m[33m 3706[2mms[22m[39m
   [33m[2mΓ£ô[22m[39m DataTable[2m > [22mSearch Functionality[2m > [22mshould filter data based on search query in searchable columns [33m 474[2mms[22m[39m
   [33m[2mΓ£ô[22m[39m DataTable[2m > [22mSearch Functionality[2m > [22mshould reset to first page on search [33m 416[2mms[22m[39m
   [33m[2mΓ£ô[22m[39m DataTable[2m > [22mSearch Functionality[2m > [22mshould debounce search input [33m 383[2mms[22m[39m
   [33m[2mΓ£ô[22m[39m DataTable[2m > [22mSearch Functionality[2m > [22mshould not search in non-searchable columns [33m 385[2mms[22m[39m
 [32mΓ£ô[39m src/middleware/utils.test.ts [2m([22m[2m25 tests[22m[2m)[22m[32m 68[2mms[22m[39m
 [32mΓ£ô[39m src/components/isAuthenticated/IsAuthenticated.test.tsx [2m([22m[2m5 tests[22m[2m)[22m[32m 63[2mms[22m[39m
 [32mΓ£ô[39m src/app/api/auth/login/route.test.ts [2m([22m[2m2 tests[22m[2m)[22m[32m 42[2mms[22m[39m
 [32mΓ£ô[39m src/app/api/auth/route.test.ts [2m([22m[2m2 tests[22m[2m)[22m[32m 50[2mms[22m[39m
[90mstderr[2m | src/hooks/useAuth/useAuth.test.tsx[2m > [22m[2museAuth 
hook[2m > [22m[2mhandles invalid access token gracefully (decoding error)
[22m[39mFailed to decode JWT in client hook: Error: Invalid JWT format
    at decodeJWTBrowser [90m(C:\Repos\citz-sbc-queue\[39msrc\utils\auth\jwt\d
ecodeJWT.browser.ts:69:33[90m)[39m
    at [90mC:\Repos\citz-sbc-queue\[39msrc\hooks\useAuth\useAuth.tsx:45:25
    at mountMemo [90m(C:\Repos\citz-sbc-queue\[39mnode_modules\[4mreact-dom
[24m\cjs\react-dom-client.development.js:8777:23[90m)[39m
    at Object.useMemo [90m(C:\Repos\citz-sbc-queue\[39mnode_modules\[4mreact
-dom[24m\cjs\react-dom-client.development.js:26216:18[90m)[39m
    at process.env.NODE_ENV.exports.useMemo [90m(C:\Repos\citz-sbc-queue\[39m
node_modules\[4mreact[24m\cjs\react.development.js:1251:34[90m)[39m
    at useAuth [90m(C:\Repos\citz-sbc-queue\[39msrc\hooks\useAuth\useAuth.tsx
:42:30[90m)[39m
    at 
[90mC:\Repos\citz-sbc-queue\[39msrc\hooks\useAuth\useAuth.test.tsx:93:41
    at TestComponent [90m(C:\Repos\citz-sbc-queue\[39mnode_modules\[4m@testi
ng-library[24m\react\dist\pure.js:331:27[90m)[39m
    at Object.react_stack_bottom_frame [90m(C:\Repos\citz-sbc-queue\[39mnode_
modules\[4mreact-dom[24m\cjs\react-dom-client.development.js:25904:20[90m)[
39m
    at renderWithHooks [90m(C:\Repos\citz-sbc-queue\[39mnode_modules\[4mreac
t-dom[24m\cjs\react-dom-client.development.js:7662:22[90m)[39m

 [32mΓ£ô[39m src/hooks/useAuth/useAuth.test.tsx [2m([22m[2m3 tests[22m[2m)[22m[32m 56[2mms[22m[39m
[90mstderr[2m | src/stores/auth/store.test.ts[2m > [22m[2mauth/store[2m 
> [22m[2mrefresh[2m > [22m[2mshould handle refresh errors gracefully
[22m[39mFailed to refresh tokens: Error: Network error
    at [90mC:\Repos\citz-sbc-queue\[39msrc\stores\auth\store.test.ts:224:45
    at [90mfile:///C:/Repos/citz-sbc-queue/[39mnode_modules/[4m@vitest[24m/
runner/dist/chunk-hooks.js:155:11
    at [90mfile:///C:/Repos/citz-sbc-queue/[39mnode_modules/[4m@vitest[24m/
runner/dist/chunk-hooks.js:752:26
    at [90mfile:///C:/Repos/citz-sbc-queue/[39mnode_modules/[4m@vitest[24m/
runner/dist/chunk-hooks.js:1897:20
    at new Promise (<anonymous>)
    at runWithTimeout [90m(file:///C:/Repos/citz-sbc-queue/[39mnode_modules/
[4m@vitest[24m/runner/dist/chunk-hooks.js:1863:10[90m)[39m
    at runTest [90m(file:///C:/Repos/citz-sbc-queue/[39mnode_modules/[4m@vit
est[24m/runner/dist/chunk-hooks.js:1574:12[90m)[39m
[90m    at processTicksAndRejections 
(node:internal/process/task_queues:105:5)[39m
    at runSuite [90m(file:///C:/Repos/citz-sbc-queue/[39mnode_modules/[4m@vi
test[24m/runner/dist/chunk-hooks.js:1729:8[90m)[39m
    at runSuite [90m(file:///C:/Repos/citz-sbc-queue/[39mnode_modules/[4m@vi
test[24m/runner/dist/chunk-hooks.js:1729:8[90m)[39m

 [32mΓ£ô[39m src/stores/auth/store.test.ts [2m([22m[2m24 tests[22m[2m)[22m[32m 27[2mms[22m[39m
 [32mΓ£ô[39m src/stores/auth/timers.test.ts [2m([22m[2m17 tests[22m[2m)[22m[32m 24[2mms[22m[39m
 [32mΓ£ô[39m src/utils/auth/token/getTokens.test.ts [2m([22m[2m20 tests[22m[2m)[22m[32m 15[2mms[22m[39m
 [32mΓ£ô[39m src/middleware/auth.test.ts [2m([22m[2m28 tests[22m[2m)[22m[32m 33[2mms[22m[39m
 [32mΓ£ô[39m src/lib/prisma/location/getAllLocations.test.ts [2m([22m[2m2 tests[22m[2m)[22m[32m 15[2mms[22m[39m
 [32mΓ£ô[39m src/lib/prisma/location/updateLocation.test.ts [2m([22m[2m11 tests[22m[2m)[22m[32m 11[2mms[22m[39m
 [32mΓ£ô[39m src/utils/auth/jwt/isJWTValid.test.ts [2m([22m[2m19 tests[22m[2m)[22m[32m 13[2mms[22m[39m
 [32mΓ£ô[39m src/utils/auth/token/getNewTokens.test.ts [2m([22m[2m14 tests[22m[2m)[22m[32m 13[2mms[22m[39m
 [32mΓ£ô[39m src/lib/prisma/service/updateService.test.ts [2m([22m[2m10 tests[22m[2m)[22m[32m 11[2mms[22m[39m
 [32mΓ£ô[39m src/lib/prisma/staff_user/getAllStaffUsers.test.ts [2m([22m[2m2 tests[22m[2m)[22m[32m 6[2mms[22m[39m
 [32mΓ£ô[39m src/stores/auth/types.test.ts [2m([22m[2m18 tests[22m[2m)[22m[32m 6[2mms[22m[39m
 [32mΓ£ô[39m src/utils/auth/url/getLoginURL.test.ts [2m([22m[2m25 tests[22m[2m)[22m[32m 6[2mms[22m[39m
 [32mΓ£ô[39m src/stores/auth/api.test.ts [2m([22m[2m11 tests[22m[2m)[22m[32m 10[2mms[22m[39m
 [32mΓ£ô[39m src/lib/prisma/staff_user/updateStaffUser.test.ts [2m([22m[2m8 tests[22m[2m)[22m[32m 8[2mms[22m[39m
 [32mΓ£ô[39m src/lib/prisma/location/insertLocation.test.ts [2m([22m[2m3 tests[22m[2m)[22m[32m 6[2mms[22m[39m
 [32mΓ£ô[39m src/utils/user/updateUserOnLogin.test.ts [2m([22m[2m3 tests[22m[2m)[22m[32m 8[2mms[22m[39m
 [32mΓ£ô[39m src/utils/auth/getAuthContext.test.ts [2m([22m[2m10 tests[22m[2m)[22m[32m 10[2mms[22m[39m
 [32mΓ£ô[39m src/lib/prisma/location/doesLocationCodeExist.test.ts [2m([22m[2m4 tests[22m[2m)[22m[32m 6[2mms[22m[39m
 [32mΓ£ô[39m src/utils/user/updateUserOnLogout.test.ts [2m([22m[2m2 tests[22m[2m)[22m[32m 6[2mms[22m[39m
 [32mΓ£ô[39m src/utils/auth/jwt/decodeJWT.test.ts [2m([22m[2m16 tests[22m[2m)[22m[32m 7[2mms[22m[39m
 [32mΓ£ô[39m src/lib/prisma/staff_user/insertStaffUser.test.ts [2m([22m[2m6 tests[22m[2m)[22m[32m 8[2mms[22m[39m
 [32mΓ£ô[39m src/lib/prisma/service_category/updateServiceCategory.test.ts [2m([22m[2m3 tests[22m[2m)[22m[32m 6[2mms[22m[39m
 [32mΓ£ô[39m src/lib/prisma/service_category/insertServiceCategory.test.ts [2m([22m[2m3 tests[22m[2m)[22m[32m 6[2mms[22m[39m
 [32mΓ£ô[39m src/lib/prisma/service/insertService.test.ts [2m([22m[2m2 tests[22m[2m)[22m[32m 5[2mms[22m[39m
 [32mΓ£ô[39m src/utils/auth/url/getLogoutURL.test.ts [2m([22m[2m21 tests[22m[2m)[22m[32m 6[2mms[22m[39m
 [32mΓ£ô[39m src/lib/prisma/staff_user/toggleAvailabilityBySub.test.ts [2m([22m[2m2 tests[22m[2m)[22m[32m 6[2mms[22m[39m
 [32mΓ£ô[39m src/utils/user/assignNewRoleFromCSR.test.ts [2m([22m[2m5 tests[22m[2m)[22m[32m 5[2mms[22m[39m
 [32mΓ£ô[39m src/lib/prisma/staff_user/getStaffUserBySub.test.ts [2m([22m[2m2 tests[22m[2m)[22m[32m 5[2mms[22m[39m
 [32mΓ£ô[39m src/utils/policies/resolvePolicy.test.ts [2m([22m[2m3 tests[22m[2m)[22m[32m 4[2mms[22m[39m
 [32mΓ£ô[39m src/utils/auth/popup/openPopup.test.ts [2m([22m[2m2 tests[22m[2m)[22m[32m 6[2mms[22m[39m
[90mstdout[2m | src/utils/policies/resolvePolicies.test.ts[2m > [22m[2mresolvePolicies[2m > [22m[2mreturns empty actions when no policies are registered
[22m[39mNo policy found for resource: missing

 [32mΓ£ô[39m src/utils/policies/resolvePolicies.test.ts [2m([22m[2m2 tests[22m[2m)[22m[32m 4[2mms[22m[39m
 [32mΓ£ô[39m src/utils/auth/jwt/decodeJWT.browser.test.ts [2m([22m[2m4 tests[22m[2m)[22m[32m 4[2mms[22m[39m
 [32mΓ£ô[39m src/lib/prisma/service/getServiceByCode.test.ts [2m([22m[2m2 tests[22m[2m)[22m[32m 3[2mms[22m[39m
 [32mΓ£ô[39m src/lib/prisma/location/getLocationByCode.test.ts [2m([22m[2m2 tests[22m[2m)[22m[32m 5[2mms[22m[39m
 [32mΓ£ô[39m src/lib/prisma/legacy/csr/getCSRByUsername.test.ts [2m([22m[2m2 tests[22m[2m)[22m[32m 4[2mms[22m[39m
 [32mΓ£ô[39m src/lib/prisma/service_category/getAllServiceCategories.test.ts [2m([22m[2m2 tests[22m[2m)[22m[32m 4[2mms[22m[39m
 [32mΓ£ô[39m src/lib/prisma/service/getAllServices.test.ts [2m([22m[2m2 tests[22m[2m)[22m[32m 4[2mms[22m[39m
 [32mΓ£ô[39m src/lib/prisma/service/doesServiceCodeExist.test.ts [2m([22m[2m2 tests[22m[2m)[22m[32m 3[2mms[22m[39m

[31mΓÄ»ΓÄ»ΓÄ»ΓÄ»ΓÄ»ΓÄ»ΓÄ»[39m[1m[41m Failed Tests 1 
[49m[22m[31mΓÄ»ΓÄ»ΓÄ»ΓÄ»ΓÄ»ΓÄ»ΓÄ»[39m

[41m[1m FAIL [22m[49m src/components/settings/service_categories/ConfirmArc
hiveServiceCategoryModal/ConfirmArchiveServiceCategoryModal.test.tsx[2m > 
[22mConfirmArchiveServiceCategoryModal[2m > [22mrequires new category 
selection when reassigning services
[31m[1mAssertionError[22m: expected 2nd "spy" call to have been called with 
[ ObjectContaining{ΓÇª} ][39m

[32m- Expected[39m
[31m+ Received[39m

[2m  [[22m
[32m-   ObjectContaining {[39m
[32m-     "id": "1",[39m
[31m+   {[39m
[31m+     "deletedAt": 2026-03-12T20:58:33.321Z,[39m
[2m      "services": [],[22m
[2m    },[22m
[2m  ][22m

[36m [2mΓ¥»[22m src/components/settings/service_categories/ConfirmArchiveSer
viceCategoryModal/ConfirmArchiveServiceCategoryModal.test.tsx:[2m182:35[22m[
39m
    [90m180| [39m      services[33m:[39m [{ code[33m:[39m 
[32m"SVC1"[39m }][33m,[39m
    [90m181| [39m    })
    [90m182| [39m    [34mexpect[39m(updateServiceCategory)[33m.[39m[34mt
oHaveBeenNthCalledWith[39m(
    [90m   | [39m                                  [31m^[39m
    [90m183| [39m      [34m2[39m[33m,[39m
    [90m184| [39m      expect.objectContaining({ id: "1", services: [] }) // 
Archived aΓÇª

[31m[2mΓÄ»ΓÄ»ΓÄ»ΓÄ»ΓÄ»ΓÄ»ΓÄ»ΓÄ»ΓÄ»ΓÄ»ΓÄ»ΓÄ»ΓÄ»ΓÄ»ΓÄ»ΓÄ»ΓÄ»ΓÄ»ΓÄ»ΓÄ»ΓÄ»ΓÄ»ΓÄ»Γ
Ä»[1/1]ΓÄ»[22m[39m


[2m Test Files [22m [1m[31m1 failed[39m[22m[2m | [22m[1m[32m71 passed[39m[22m[90m (72)[39m
[2m      Tests [22m [1m[31m1 failed[39m[22m[2m | [22m[1m[32m628 passed[39m[22m[90m (629)[39m
[2m   Start at [22m 13:58:29
[2m   Duration [22m 10.51s[2m (transform 2.56s, setup 0ms, collect 19.14s, tests 14.07s, environment 74.07s, prepare 14.98s)[22m

[1m[41m FAIL [49m[22m [31mTests failed. Watching for file changes...[39m
       [2mpress [22m[1mh[22m[2m to show help[22m[2m, [22m[2mpress [22m[1mq[22m[2m to quit[22m
c[3J[1m[44m RERUN [49m[22m [34m[2msrc/components/settings/service_categories/ConfirmArchiveServiceCategoryModal/ConfirmArchiveServiceCategoryModal.test.tsx [22m[34mx1 [34m[39m

[90mstderr[2m | src/components/settings/service_categories/ConfirmArchiveServ
iceCategoryModal/ConfirmArchiveServiceCategoryModal.test.tsx[2m > 
[22m[2mConfirmArchiveServiceCategoryModal[2m > [22m[2marchives a service 
category when the correct name is entered and confirmed
[22m[39mError: Not implemented: navigation (except hash changes)
    at module.exports (C:\Repos\citz-sbc-queue\node_modules\jsdom\lib\jsdom\bro
wser\not-implemented.js:9:17)
    at navigateFetch (C:\Repos\citz-sbc-queue\node_modules\jsdom\lib\jsdom\livi
ng\window\navigation.js:77:3)
    at exports.navigate (C:\Repos\citz-sbc-queue\node_modules\jsdom\lib\jsdom\l
iving\window\navigation.js:55:3)
    at LocationImpl._locationObjectNavigate (C:\Repos\citz-sbc-queue\node_modul
es\jsdom\lib\jsdom\living\window\Location-impl.js:31:5)
    at LocationImpl._locationObjectSetterNavigate (C:\Repos\citz-sbc-queue\node
_modules\jsdom\lib\jsdom\living\window\Location-impl.js:25:17)
    at LocationImpl.set href [as href] (C:\Repos\citz-sbc-queue\node_modules\js
dom\lib\jsdom\living\window\Location-impl.js:47:10)
    at Location.set href [as href] (C:\Repos\citz-sbc-queue\node_modules\jsdom\
lib\jsdom\living\generated\Location.js:125:37)
    at handleSave (C:\Repos\citz-sbc-queue\src\components\settings\service_cate
gories\ConfirmArchiveServiceCategoryModal\ConfirmArchiveServiceCategoryModal.ts
x:90:25) [90mundefined[39m

[90mstderr[2m | src/components/settings/service_categories/ConfirmArchiveServ
iceCategoryModal/ConfirmArchiveServiceCategoryModal.test.tsx[2m > 
[22m[2mConfirmArchiveServiceCategoryModal[2m > [22m[2munarchives a 
service category when already archived and confirmation matches
[22m[39mError: Not implemented: navigation (except hash changes)
    at module.exports (C:\Repos\citz-sbc-queue\node_modules\jsdom\lib\jsdom\bro
wser\not-implemented.js:9:17)
    at navigateFetch (C:\Repos\citz-sbc-queue\node_modules\jsdom\lib\jsdom\livi
ng\window\navigation.js:77:3)
    at exports.navigate (C:\Repos\citz-sbc-queue\node_modules\jsdom\lib\jsdom\l
iving\window\navigation.js:55:3)
    at LocationImpl._locationObjectNavigate (C:\Repos\citz-sbc-queue\node_modul
es\jsdom\lib\jsdom\living\window\Location-impl.js:31:5)
    at LocationImpl._locationObjectSetterNavigate (C:\Repos\citz-sbc-queue\node
_modules\jsdom\lib\jsdom\living\window\Location-impl.js:25:17)
    at LocationImpl.set href [as href] (C:\Repos\citz-sbc-queue\node_modules\js
dom\lib\jsdom\living\window\Location-impl.js:47:10)
    at Location.set href [as href] (C:\Repos\citz-sbc-queue\node_modules\jsdom\
lib\jsdom\living\generated\Location.js:125:37)
    at handleSave (C:\Repos\citz-sbc-queue\src\components\settings\service_cate
gories\ConfirmArchiveServiceCategoryModal\ConfirmArchiveServiceCategoryModal.ts
x:90:25) [90mundefined[39m

[90mstderr[2m | src/components/settings/service_categories/ConfirmArchiveServ
iceCategoryModal/ConfirmArchiveServiceCategoryModal.test.tsx[2m > 
[22m[2mConfirmArchiveServiceCategoryModal[2m > [22m[2mhandles services 
when archiving a category with services
[22m[39mError: Not implemented: navigation (except hash changes)
    at module.exports (C:\Repos\citz-sbc-queue\node_modules\jsdom\lib\jsdom\bro
wser\not-implemented.js:9:17)
    at navigateFetch (C:\Repos\citz-sbc-queue\node_modules\jsdom\lib\jsdom\livi
ng\window\navigation.js:77:3)
    at exports.navigate (C:\Repos\citz-sbc-queue\node_modules\jsdom\lib\jsdom\l
iving\window\navigation.js:55:3)
    at LocationImpl._locationObjectNavigate (C:\Repos\citz-sbc-queue\node_modul
es\jsdom\lib\jsdom\living\window\Location-impl.js:31:5)
    at LocationImpl._locationObjectSetterNavigate (C:\Repos\citz-sbc-queue\node
_modules\jsdom\lib\jsdom\living\window\Location-impl.js:25:17)
    at LocationImpl.set href [as href] (C:\Repos\citz-sbc-queue\node_modules\js
dom\lib\jsdom\living\window\Location-impl.js:47:10)
    at Location.set href [as href] (C:\Repos\citz-sbc-queue\node_modules\jsdom\
lib\jsdom\living\generated\Location.js:125:37)
    at handleSave (C:\Repos\citz-sbc-queue\src\components\settings\service_cate
gories\ConfirmArchiveServiceCategoryModal\ConfirmArchiveServiceCategoryModal.ts
x:90:25) [90mundefined[39m

[90mstderr[2m | src/components/settings/service_categories/ConfirmArchiveServ
iceCategoryModal/ConfirmArchiveServiceCategoryModal.test.tsx[2m > 
[22m[2mConfirmArchiveServiceCategoryModal[2m > [22m[2mrequires new 
category selection when reassigning services
[22m[39mError: Not implemented: navigation (except hash changes)
    at module.exports (C:\Repos\citz-sbc-queue\node_modules\jsdom\lib\jsdom\bro
wser\not-implemented.js:9:17)
    at navigateFetch (C:\Repos\citz-sbc-queue\node_modules\jsdom\lib\jsdom\livi
ng\window\navigation.js:77:3)
    at exports.navigate (C:\Repos\citz-sbc-queue\node_modules\jsdom\lib\jsdom\l
iving\window\navigation.js:55:3)
    at LocationImpl._locationObjectNavigate (C:\Repos\citz-sbc-queue\node_modul
es\jsdom\lib\jsdom\living\window\Location-impl.js:31:5)
    at LocationImpl._locationObjectSetterNavigate (C:\Repos\citz-sbc-queue\node
_modules\jsdom\lib\jsdom\living\window\Location-impl.js:25:17)
    at LocationImpl.set href [as href] (C:\Repos\citz-sbc-queue\node_modules\js
dom\lib\jsdom\living\window\Location-impl.js:47:10)
    at Location.set href [as href] (C:\Repos\citz-sbc-queue\node_modules\jsdom\
lib\jsdom\living\generated\Location.js:125:37)
    at handleSave (C:\Repos\citz-sbc-queue\src\components\settings\service_cate
gories\ConfirmArchiveServiceCategoryModal\ConfirmArchiveServiceCategoryModal.ts
x:90:25) [90mundefined[39m

 [32mΓ£ô[39m src/components/settings/service_categories/ConfirmArchiveServiceCategoryModal/ConfirmArchiveServiceCategoryModal.test.tsx [2m([22m[2m4 tests[22m[2m)[22m[33m 1512[2mms[22m[39m
   [33m[2mΓ£ô[22m[39m ConfirmArchiveServiceCategoryModal[2m > [22munarchives a service category when already archived and confirmation matches [33m 316[2mms[22m[39m
   [33m[2mΓ£ô[22m[39m ConfirmArchiveServiceCategoryModal[2m > [22mhandles services when archiving a category with services [33m 416[2mms[22m[39m
   [33m[2mΓ£ô[22m[39m ConfirmArchiveServiceCategoryModal[2m > [22mrequires new category selection when reassigning services [33m 496[2mms[22m[39m

[2m Test Files [22m [1m[32m1 passed[39m[22m[90m (1)[39m
[2m      Tests [22m [1m[32m4 passed[39m[22m[90m (4)[39m
[2m   Start at [22m 13:59:56
[2m   Duration [22m 1.86s

[1m[42m PASS [49m[22m [32mWaiting for file changes...[39m
       [2mpress [22m[1mh[22m[2m to show help[22m[2m, [22m[2mpress [22m[1mq[22m[2m to quit[22m
c[3J[1m[44m RERUN [49m[22m [34m[2msrc/components/settings/service_categories/ConfirmArchiveServiceCategoryModal/ConfirmArchiveServiceCategoryModal.test.tsx [22m[34mx2 [34m[39m

[90mstderr[2m | src/components/settings/service_categories/ConfirmArchiveServ
iceCategoryModal/ConfirmArchiveServiceCategoryModal.test.tsx[2m > 
[22m[2mConfirmArchiveServiceCategoryModal[2m > [22m[2marchives a service 
category when the correct name is entered and confirmed
[22m[39mError: Not implemented: navigation (except hash changes)
    at module.exports (C:\Repos\citz-sbc-queue\node_modules\jsdom\lib\jsdom\bro
wser\not-implemented.js:9:17)
    at navigateFetch (C:\Repos\citz-sbc-queue\node_modules\jsdom\lib\jsdom\livi
ng\window\navigation.js:77:3)
    at exports.navigate (C:\Repos\citz-sbc-queue\node_modules\jsdom\lib\jsdom\l
iving\window\navigation.js:55:3)
    at LocationImpl._locationObjectNavigate (C:\Repos\citz-sbc-queue\node_modul
es\jsdom\lib\jsdom\living\window\Location-impl.js:31:5)
    at LocationImpl._locationObjectSetterNavigate (C:\Repos\citz-sbc-queue\node
_modules\jsdom\lib\jsdom\living\window\Location-impl.js:25:17)
    at LocationImpl.set href [as href] (C:\Repos\citz-sbc-queue\node_modules\js
dom\lib\jsdom\living\window\Location-impl.js:47:10)
    at Location.set href [as href] (C:\Repos\citz-sbc-queue\node_modules\jsdom\
lib\jsdom\living\generated\Location.js:125:37)
    at handleSave (C:\Repos\citz-sbc-queue\src\components\settings\service_cate
gories\ConfirmArchiveServiceCategoryModal\ConfirmArchiveServiceCategoryModal.ts
x:90:25) [90mundefined[39m

[90mstderr[2m | src/components/settings/service_categories/ConfirmArchiveServ
iceCategoryModal/ConfirmArchiveServiceCategoryModal.test.tsx[2m > 
[22m[2mConfirmArchiveServiceCategoryModal[2m > [22m[2munarchives a 
service category when already archived and confirmation matches
[22m[39mError: Not implemented: navigation (except hash changes)
    at module.exports (C:\Repos\citz-sbc-queue\node_modules\jsdom\lib\jsdom\bro
wser\not-implemented.js:9:17)
    at navigateFetch (C:\Repos\citz-sbc-queue\node_modules\jsdom\lib\jsdom\livi
ng\window\navigation.js:77:3)
    at exports.navigate (C:\Repos\citz-sbc-queue\node_modules\jsdom\lib\jsdom\l
iving\window\navigation.js:55:3)
    at LocationImpl._locationObjectNavigate (C:\Repos\citz-sbc-queue\node_modul
es\jsdom\lib\jsdom\living\window\Location-impl.js:31:5)
    at LocationImpl._locationObjectSetterNavigate (C:\Repos\citz-sbc-queue\node
_modules\jsdom\lib\jsdom\living\window\Location-impl.js:25:17)
    at LocationImpl.set href [as href] (C:\Repos\citz-sbc-queue\node_modules\js
dom\lib\jsdom\living\window\Location-impl.js:47:10)
    at Location.set href [as href] (C:\Repos\citz-sbc-queue\node_modules\jsdom\
lib\jsdom\living\generated\Location.js:125:37)
    at handleSave (C:\Repos\citz-sbc-queue\src\components\settings\service_cate
gories\ConfirmArchiveServiceCategoryModal\ConfirmArchiveServiceCategoryModal.ts
x:90:25) [90mundefined[39m

[90mstderr[2m | src/components/settings/service_categories/ConfirmArchiveServ
iceCategoryModal/ConfirmArchiveServiceCategoryModal.test.tsx[2m > 
[22m[2mConfirmArchiveServiceCategoryModal[2m > [22m[2mhandles services 
when archiving a category with services
[22m[39mError: Not implemented: navigation (except hash changes)
    at module.exports (C:\Repos\citz-sbc-queue\node_modules\jsdom\lib\jsdom\bro
wser\not-implemented.js:9:17)
    at navigateFetch (C:\Repos\citz-sbc-queue\node_modules\jsdom\lib\jsdom\livi
ng\window\navigation.js:77:3)
    at exports.navigate (C:\Repos\citz-sbc-queue\node_modules\jsdom\lib\jsdom\l
iving\window\navigation.js:55:3)
    at LocationImpl._locationObjectNavigate (C:\Repos\citz-sbc-queue\node_modul
es\jsdom\lib\jsdom\living\window\Location-impl.js:31:5)
    at LocationImpl._locationObjectSetterNavigate (C:\Repos\citz-sbc-queue\node
_modules\jsdom\lib\jsdom\living\window\Location-impl.js:25:17)
    at LocationImpl.set href [as href] (C:\Repos\citz-sbc-queue\node_modules\js
dom\lib\jsdom\living\window\Location-impl.js:47:10)
    at Location.set href [as href] (C:\Repos\citz-sbc-queue\node_modules\jsdom\
lib\jsdom\living\generated\Location.js:125:37)
    at handleSave (C:\Repos\citz-sbc-queue\src\components\settings\service_cate
gories\ConfirmArchiveServiceCategoryModal\ConfirmArchiveServiceCategoryModal.ts
x:90:25) [90mundefined[39m

[90mstderr[2m | src/components/settings/service_categories/ConfirmArchiveServ
iceCategoryModal/ConfirmArchiveServiceCategoryModal.test.tsx[2m > 
[22m[2mConfirmArchiveServiceCategoryModal[2m > [22m[2mrequires new 
category selection when reassigning services
[22m[39mError: Not implemented: navigation (except hash changes)
    at module.exports (C:\Repos\citz-sbc-queue\node_modules\jsdom\lib\jsdom\bro
wser\not-implemented.js:9:17)
    at navigateFetch (C:\Repos\citz-sbc-queue\node_modules\jsdom\lib\jsdom\livi
ng\window\navigation.js:77:3)
    at exports.navigate (C:\Repos\citz-sbc-queue\node_modules\jsdom\lib\jsdom\l
iving\window\navigation.js:55:3)
    at LocationImpl._locationObjectNavigate (C:\Repos\citz-sbc-queue\node_modul
es\jsdom\lib\jsdom\living\window\Location-impl.js:31:5)
    at LocationImpl._locationObjectSetterNavigate (C:\Repos\citz-sbc-queue\node
_modules\jsdom\lib\jsdom\living\window\Location-impl.js:25:17)
    at LocationImpl.set href [as href] (C:\Repos\citz-sbc-queue\node_modules\js
dom\lib\jsdom\living\window\Location-impl.js:47:10)
    at Location.set href [as href] (C:\Repos\citz-sbc-queue\node_modules\jsdom\
lib\jsdom\living\generated\Location.js:125:37)
    at handleSave (C:\Repos\citz-sbc-queue\src\components\settings\service_cate
gories\ConfirmArchiveServiceCategoryModal\ConfirmArchiveServiceCategoryModal.ts
x:90:25) [90mundefined[39m

 [31mΓ¥»[39m src/components/settings/service_categories/ConfirmArchiveServiceCategoryModal/ConfirmArchiveServiceCategoryModal.test.tsx [2m([22m[2m4 tests[22m[2m | [22m[31m1 failed[39m[2m)[22m[33m 1296[2mms[22m[39m
   [32mΓ£ô[39m ConfirmArchiveServiceCategoryModal[2m > [22marchives a service category when the correct name is entered and confirmed[32m 259[2mms[22m[39m
   [32mΓ£ô[39m ConfirmArchiveServiceCategoryModal[2m > [22munarchives a service category when already archived and confirmation matches[32m 295[2mms[22m[39m
   [32mΓ£ô[39m ConfirmArchiveServiceCategoryModal[2m > [22mhandles services when archiving a category with services[32m 271[2mms[22m[39m
[31m   [31m├ù[31m ConfirmArchiveServiceCategoryModal[2m > [22mrequires new category selection when reassigning services[39m[33m 469[2mms[22m[39m
[31m     ΓåÆ expected 2nd "spy" call to have been called with [ ObjectContaining{ΓÇª} ][39m

[31mΓÄ»ΓÄ»ΓÄ»ΓÄ»ΓÄ»ΓÄ»ΓÄ»[39m[1m[41m Failed Tests 1 
[49m[22m[31mΓÄ»ΓÄ»ΓÄ»ΓÄ»ΓÄ»ΓÄ»ΓÄ»[39m

[41m[1m FAIL [22m[49m src/components/settings/service_categories/ConfirmArc
hiveServiceCategoryModal/ConfirmArchiveServiceCategoryModal.test.tsx[2m > 
[22mConfirmArchiveServiceCategoryModal[2m > [22mrequires new category 
selection when reassigning services
[31m[1mAssertionError[22m: expected 2nd "spy" call to have been called with 
[ ObjectContaining{ΓÇª} ][39m

[32m- Expected[39m
[31m+ Received[39m

[2m  [[22m
[32m-   ObjectContaining {[39m
[32m-     "id": "1",[39m
[31m+   {[39m
[31m+     "deletedAt": 2026-03-12T21:05:51.951Z,[39m
[2m      "services": [],[22m
[2m    },[22m
[2m  ][22m

[36m [2mΓ¥»[22m src/components/settings/service_categories/ConfirmArchiveSer
viceCategoryModal/ConfirmArchiveServiceCategoryModal.test.tsx:[2m182:35[22m[
39m
    [90m180| [39m      services[33m:[39m [{ code[33m:[39m 
[32m"SVC1"[39m }][33m,[39m
    [90m181| [39m    })
    [90m182| [39m    [34mexpect[39m(updateServiceCategory)[33m.[39m[34mt
oHaveBeenNthCalledWith[39m(
    [90m   | [39m                                  [31m^[39m
    [90m183| [39m      [34m2[39m[33m,[39m
    [90m184| [39m      expect.objectContaining({ id: "1", services: [] }) // 
Archived aΓÇª

[31m[2mΓÄ»ΓÄ»ΓÄ»ΓÄ»ΓÄ»ΓÄ»ΓÄ»ΓÄ»ΓÄ»ΓÄ»ΓÄ»ΓÄ»ΓÄ»ΓÄ»ΓÄ»ΓÄ»ΓÄ»ΓÄ»ΓÄ»ΓÄ»ΓÄ»ΓÄ»ΓÄ»Γ
Ä»[1/1]ΓÄ»[22m[39m


[2m Test Files [22m [1m[31m1 failed[39m[22m[90m (1)[39m
[2m      Tests [22m [1m[31m1 failed[39m[22m[2m | [22m[1m[32m3 passed[39m[22m[90m (4)[39m
[2m   Start at [22m 14:05:49
[2m   Duration [22m 1.68s

[1m[41m FAIL [49m[22m [31mTests failed. Watching for file changes...[39m
       [2mpress [22m[1mh[22m[2m to show help[22m[2m, [22m[2mpress [22m[1mq[22m[2m to quit[22m
c[3J[1m[44m RERUN [49m[22m [34m[2msrc/lib/prisma/staff_user/updateStaffUser.ts [22m[39m

 [31mΓ¥»[39m src/components/settings/service_categories/ConfirmArchiveServiceCategoryModal/ConfirmArchiveServiceCategoryModal.test.tsx [2m([22m[2m4 tests[22m[2m | [22m[31m1 failed[39m[2m)[22m[33m 1296[2mms[22m[39m
   [32mΓ£ô[39m ConfirmArchiveServiceCategoryModal[2m > [22marchives a service category when the correct name is entered and confirmed[32m 259[2mms[22m[39m
   [32mΓ£ô[39m ConfirmArchiveServiceCategoryModal[2m > [22munarchives a service category when already archived and confirmation matches[32m 295[2mms[22m[39m
   [32mΓ£ô[39m ConfirmArchiveServiceCategoryModal[2m > [22mhandles services when archiving a category with services[32m 271[2mms[22m[39m
[31m   [31m├ù[31m ConfirmArchiveServiceCategoryModal[2m > [22mrequires new category selection when reassigning services[39m[33m 469[2mms[22m[39m
[31m     ΓåÆ expected 2nd "spy" call to have been called with [ ObjectContaining{ΓÇª} ][39m
 [32mΓ£ô[39m src/utils/user/updateUserOnLogout.test.ts [2m([22m[2m2 tests[22m[2m)[22m[32m 9[2mms[22m[39m
 [32mΓ£ô[39m src/utils/user/updateUserOnLogin.test.ts [2m([22m[2m3 tests[22m[2m)[22m[32m 12[2mms[22m[39m
 [32mΓ£ô[39m src/lib/prisma/staff_user/updateStaffUser.test.ts [2m([22m[2m8 tests[22m[2m)[22m[32m 14[2mms[22m[39m
 [32mΓ£ô[39m src/app/api/auth/login/callback/route.test.ts [2m([22m[2m10 tests[22m[2m)[22m[32m 93[2mms[22m[39m
 [32mΓ£ô[39m src/components/common/header/navigation/Navigation.test.tsx [2m([22m[2m8 tests[22m[2m)[22m[32m 115[2mms[22m[39m
 [32mΓ£ô[39m src/components/user/ArchiveUserBlock/ArchiveUserBlock.test.tsx [2m([22m[2m2 tests[22m[2m)[22m[32m 84[2mms[22m[39m
 [32mΓ£ô[39m src/components/common/header/Header.test.tsx [2m([22m[2m4 tests[22m[2m)[22m[32m 105[2mms[22m[39m

[2m Test Files [22m [1m[31m1 failed[39m[22m[2m | [22m[1m[32m7 passed[39m[22m[90m (8)[39m
[2m      Tests [22m [1m[31m1 failed[39m[22m[2m | [22m[1m[32m40 passed[39m[22m[90m (41)[39m
[2m   Start at [22m 14:06:15
[2m   Duration [22m 3.41s

[1m[42m PASS [49m[22m [32mWaiting for file changes...[39m
       [2mpress [22m[1mh[22m[2m to show help[22m[2m, [22m[2mpress [22m[1mq[22m[2m to quit[22m
c[3J[1m[44m RERUN [49m[22m [34m[2msrc/lib/prisma/staff_user/updateStaffUser.test.ts [22m[34mx2 [34m[39m

 [31mΓ¥»[39m src/components/settings/service_categories/ConfirmArchiveServiceCategoryModal/ConfirmArchiveServiceCategoryModal.test.tsx [2m([22m[2m4 tests[22m[2m | [22m[31m1 failed[39m[2m)[22m[33m 1296[2mms[22m[39m
   [32mΓ£ô[39m ConfirmArchiveServiceCategoryModal[2m > [22marchives a service category when the correct name is entered and confirmed[32m 259[2mms[22m[39m
   [32mΓ£ô[39m ConfirmArchiveServiceCategoryModal[2m > [22munarchives a service category when already archived and confirmation matches[32m 295[2mms[22m[39m
   [32mΓ£ô[39m ConfirmArchiveServiceCategoryModal[2m > [22mhandles services when archiving a category with services[32m 271[2mms[22m[39m
[31m   [31m├ù[31m ConfirmArchiveServiceCategoryModal[2m > [22mrequires new category selection when reassigning services[39m[33m 469[2mms[22m[39m
[31m     ΓåÆ expected 2nd "spy" call to have been called with [ ObjectContaining{ΓÇª} ][39m
 [31mΓ¥»[39m src/lib/prisma/staff_user/updateStaffUser.test.ts [2m([22m[2m8 tests[22m[2m | [22m[31m2 failed[39m[2m)[22m[32m 14[2mms[22m[39m
[31m   [31m├ù[31m updateStaffUser[2m > [22mshould update staff user with valid data[39m[32m 10[2mms[22m[39m
[31m     ΓåÆ expected "spy" to be called with arguments: [ { ΓÇª(2) } ][90m

Received: 

[1m  1st spy call:

[22m[33m@@ -1,10 +1,16 @@[90m
[2m  [[22m
[2m    {[22m
[32m-     "data": ObjectContaining {[90m
[31m+     "data": {[90m
[31m+       "counter": undefined,[90m
[2m        "displayName": "Updated Name",[22m
[32m-       "updatedAt": Any<Date>,[90m
[31m+       "location": undefined,[90m
[31m+       "updatedAt": 2026-03-12T21:06:21.050Z,[90m
[31m+     },[90m
[31m+     "include": {[90m
[31m+       "counter": true,[90m
[31m+       "location": true,[90m
[2m      },[22m
[2m      "where": {[22m
[2m        "guid": "test-guid-123",[22m
[2m      },[22m
[2m    },[22m
[31m[90m

Number of calls: [1m1[22m
[31m[39m
   [32mΓ£ô[39m updateStaffUser[2m > [22mshould handle role change with SSO update[32m 1[2mms[22m[39m
   [32mΓ£ô[39m updateStaffUser[2m > [22mshould throw error when trying to assign role without permission[32m 1[2mms[22m[39m
[31m   [31m├ù[31m updateStaffUser[2m > [22mupdates using prevUser.guid when guid is missing[39m[32m 1[2mms[22m[39m
[31m     ΓåÆ expected "spy" to be called with arguments: [ { ΓÇª(2) } ][90m

Received: 

[1m  1st spy call:

[22m[33m@@ -1,9 +1,15 @@[90m
[2m  [[22m
[2m    {[22m
[32m-     "data": ObjectContaining {[90m
[32m-       "updatedAt": Any<Date>,[90m
[31m+     "data": {[90m
[31m+       "counter": undefined,[90m
[31m+       "location": undefined,[90m
[31m+       "updatedAt": 2026-03-12T21:06:21.061Z,[90m
[31m+     },[90m
[31m+     "include": {[90m
[31m+       "counter": true,[90m
[31m+       "location": true,[90m
[2m      },[22m
[2m      "where": {[22m
[2m        "guid": "test-guid-123",[22m
[2m      },[22m
[2m    },[22m
[31m[90m

Number of calls: [1m1[22m
[31m[39m
   [32mΓ£ô[39m updateStaffUser[2m > [22mupdates when sub is missing (no SSO changes)[32m 0[2mms[22m[39m
   [32mΓ£ô[39m updateStaffUser[2m > [22mshould return null when both guid and prevUser.guid are missing[32m 0[2mms[22m[39m
   [32mΓ£ô[39m updateStaffUser[2m > [22mshould not trigger role change when role is the same[32m 0[2mms[22m[39m
   [32mΓ£ô[39m updateStaffUser[2m > [22mshould not trigger SSO role change when new role is missing[32m 0[2mms[22m[39m

[31mΓÄ»ΓÄ»ΓÄ»ΓÄ»ΓÄ»ΓÄ»ΓÄ»[39m[1m[41m Failed Tests 2 
[49m[22m[31mΓÄ»ΓÄ»ΓÄ»ΓÄ»ΓÄ»ΓÄ»ΓÄ»[39m

[41m[1m FAIL [22m[49m 
src/lib/prisma/staff_user/updateStaffUser.test.ts[2m > 
[22mupdateStaffUser[2m > [22mshould update staff user with valid data
[31m[1mAssertionError[22m: expected "spy" to be called with arguments: [ { 
ΓÇª(2) } ][90m

Received: 

[1m  1st spy call:

[22m[33m@@ -1,10 +1,16 @@[90m
[2m  [[22m
[2m    {[22m
[32m-     "data": ObjectContaining {[90m
[31m+     "data": {[90m
[31m+       "counter": undefined,[90m
[2m        "displayName": "Updated Name",[22m
[32m-       "updatedAt": Any<Date>,[90m
[31m+       "location": undefined,[90m
[31m+       "updatedAt": 2026-03-12T21:06:21.050Z,[90m
[31m+     },[90m
[31m+     "include": {[90m
[31m+       "counter": true,[90m
[31m+       "location": true,[90m
[2m      },[22m
[2m      "where": {[22m
[2m        "guid": "test-guid-123",[22m
[2m      },[22m
[2m    },[22m
[31m[90m

Number of calls: [1m1[22m
[31m[39m
[36m [2mΓ¥»[22m 
src/lib/prisma/staff_user/updateStaffUser.test.ts:[2m92:37[22m[39m
    [90m 90| [39m
    [90m 91| [39m    
[34mexpect[39m(result)[33m.[39m[34mtoEqual[39m(updatedUser)
    [90m 92| [39m    [34mexpect[39m(prisma[33m.[39mstaffUser[33m.[39mup
date)[33m.[39m[34mtoHaveBeenCalledWith[39m({
    [90m   | [39m                                    [31m^[39m
    [90m 93| [39m      where[33m:[39m { guid[33m:[39m 
mockStaffUser[33m.[39mguid }[33m,[39m
    [90m 94| [39m      data: expect.objectContaining({ displayName: "Updated 
Name", updΓÇª

[31m[2mΓÄ»ΓÄ»ΓÄ»ΓÄ»ΓÄ»ΓÄ»ΓÄ»ΓÄ»ΓÄ»ΓÄ»ΓÄ»ΓÄ»ΓÄ»ΓÄ»ΓÄ»ΓÄ»ΓÄ»ΓÄ»ΓÄ»ΓÄ»ΓÄ»ΓÄ»ΓÄ»Γ
Ä»[1/2]ΓÄ»[22m[39m

[41m[1m FAIL [22m[49m 
src/lib/prisma/staff_user/updateStaffUser.test.ts[2m > 
[22mupdateStaffUser[2m > [22mupdates using prevUser.guid when guid is 
missing
[31m[1mAssertionError[22m: expected "spy" to be called with arguments: [ { 
ΓÇª(2) } ][90m

Received: 

[1m  1st spy call:

[22m[33m@@ -1,9 +1,15 @@[90m
[2m  [[22m
[2m    {[22m
[32m-     "data": ObjectContaining {[90m
[32m-       "updatedAt": Any<Date>,[90m
[31m+     "data": {[90m
[31m+       "counter": undefined,[90m
[31m+       "location": undefined,[90m
[31m+       "updatedAt": 2026-03-12T21:06:21.061Z,[90m
[31m+     },[90m
[31m+     "include": {[90m
[31m+       "counter": true,[90m
[31m+       "location": true,[90m
[2m      },[22m
[2m      "where": {[22m
[2m        "guid": "test-guid-123",[22m
[2m      },[22m
[2m    },[22m
[31m[90m

Number of calls: [1m1[22m
[31m[39m
[36m [2mΓ¥»[22m 
src/lib/prisma/staff_user/updateStaffUser.test.ts:[2m163:37[22m[39m
    [90m161| [39m
    [90m162| [39m    
[34mexpect[39m(result)[33m.[39m[34mtoEqual[39m(mockStaffUser)
    [90m163| [39m    [34mexpect[39m(prisma[33m.[39mstaffUser[33m.[39mup
date)[33m.[39m[34mtoHaveBeenCalledWith[39m({
    [90m   | [39m                                    [31m^[39m
    [90m164| [39m      where[33m:[39m { guid[33m:[39m 
mockStaffUser[33m.[39mguid }[33m,[39m
    [90m165| [39m      data[33m:[39m 
expect[33m.[39m[34mobjectContaining[39m({ updatedAt[33m:[39m 
expect[33m.[39m[34many[39m([33mDate[39m) })[33m,[39m

[31m[2mΓÄ»ΓÄ»ΓÄ»ΓÄ»ΓÄ»ΓÄ»ΓÄ»ΓÄ»ΓÄ»ΓÄ»ΓÄ»ΓÄ»ΓÄ»ΓÄ»ΓÄ»ΓÄ»ΓÄ»ΓÄ»ΓÄ»ΓÄ»ΓÄ»ΓÄ»ΓÄ»Γ
Ä»[2/2]ΓÄ»[22m[39m


[2m Test Files [22m [1m[31m2 failed[39m[22m[90m (2)[39m
[2m      Tests [22m [1m[31m3 failed[39m[22m[2m | [22m[1m[32m9 passed[39m[22m[90m (12)[39m
[2m   Start at [22m 14:06:20
[2m   Duration [22m 49ms

[1m[41m FAIL [49m[22m [31mTests failed. Watching for file changes...[39m
       [2mpress [22m[1mh[22m[2m to show help[22m[2m, [22m[2mpress [22m[1mq[22m[2m to quit[22m
c[3J[1m[44m RERUN [49m[22m [34m[2msrc/components/settings/service_categories/ConfirmArchiveServiceCategoryModal/ConfirmArchiveServiceCategoryModal.test.tsx [22m[34mx3 [34m[39m

 [31mΓ¥»[39m src/lib/prisma/staff_user/updateStaffUser.test.ts [2m([22m[2m8 tests[22m[2m | [22m[31m2 failed[39m[2m)[22m[32m 14[2mms[22m[39m
[31m   [31m├ù[31m updateStaffUser[2m > [22mshould update staff user with valid data[39m[32m 10[2mms[22m[39m
[31m     ΓåÆ expected "spy" to be called with arguments: [ { ΓÇª(2) } ][90m

Received: 

[1m  1st spy call:

[22m[33m@@ -1,10 +1,16 @@[90m
[2m  [[22m
[2m    {[22m
[32m-     "data": ObjectContaining {[90m
[31m+     "data": {[90m
[31m+       "counter": undefined,[90m
[2m        "displayName": "Updated Name",[22m
[32m-       "updatedAt": Any<Date>,[90m
[31m+       "location": undefined,[90m
[31m+       "updatedAt": 2026-03-12T21:06:21.050Z,[90m
[31m+     },[90m
[31m+     "include": {[90m
[31m+       "counter": true,[90m
[31m+       "location": true,[90m
[2m      },[22m
[2m      "where": {[22m
[2m        "guid": "test-guid-123",[22m
[2m      },[22m
[2m    },[22m
[31m[90m

Number of calls: [1m1[22m
[31m[39m
   [32mΓ£ô[39m updateStaffUser[2m > [22mshould handle role change with SSO update[32m 1[2mms[22m[39m
   [32mΓ£ô[39m updateStaffUser[2m > [22mshould throw error when trying to assign role without permission[32m 1[2mms[22m[39m
[31m   [31m├ù[31m updateStaffUser[2m > [22mupdates using prevUser.guid when guid is missing[39m[32m 1[2mms[22m[39m
[31m     ΓåÆ expected "spy" to be called with arguments: [ { ΓÇª(2) } ][90m

Received: 

[1m  1st spy call:

[22m[33m@@ -1,9 +1,15 @@[90m
[2m  [[22m
[2m    {[22m
[32m-     "data": ObjectContaining {[90m
[32m-       "updatedAt": Any<Date>,[90m
[31m+     "data": {[90m
[31m+       "counter": undefined,[90m
[31m+       "location": undefined,[90m
[31m+       "updatedAt": 2026-03-12T21:06:21.061Z,[90m
[31m+     },[90m
[31m+     "include": {[90m
[31m+       "counter": true,[90m
[31m+       "location": true,[90m
[2m      },[22m
[2m      "where": {[22m
[2m        "guid": "test-guid-123",[22m
[2m      },[22m
[2m    },[22m
[31m[90m

Number of calls: [1m1[22m
[31m[39m
   [32mΓ£ô[39m updateStaffUser[2m > [22mupdates when sub is missing (no SSO changes)[32m 0[2mms[22m[39m
   [32mΓ£ô[39m updateStaffUser[2m > [22mshould return null when both guid and prevUser.guid are missing[32m 0[2mms[22m[39m
   [32mΓ£ô[39m updateStaffUser[2m > [22mshould not trigger role change when role is the same[32m 0[2mms[22m[39m
   [32mΓ£ô[39m updateStaffUser[2m > [22mshould not trigger SSO role change when new role is missing[32m 0[2mms[22m[39m
 [31mΓ¥»[39m src/components/settings/service_categories/ConfirmArchiveServiceCategoryModal/ConfirmArchiveServiceCategoryModal.test.tsx [2m([22m[2m4 tests[22m[2m | [22m[31m1 failed[39m[2m)[22m[33m 1435[2mms[22m[39m
   [32mΓ£ô[39m ConfirmArchiveServiceCategoryModal[2m > [22marchives a service category when the correct name is entered and confirmed[32m 246[2mms[22m[39m
   [32mΓ£ô[39m ConfirmArchiveServiceCategoryModal[2m > [22munarchives a service category when already archived and confirmation matches[32m 299[2mms[22m[39m
   [33m[2mΓ£ô[22m[39m ConfirmArchiveServiceCategoryModal[2m > [22mhandles services when archiving a category with services [33m 466[2mms[22m[39m
[31m   [31m├ù[31m ConfirmArchiveServiceCategoryModal[2m > [22mrequires new category selection when reassigning services[39m[33m 423[2mms[22m[39m
[31m     ΓåÆ expected 2nd "spy" call to have been called with [ ObjectContaining{ΓÇª} ][39m

[31mΓÄ»ΓÄ»ΓÄ»ΓÄ»ΓÄ»ΓÄ»ΓÄ»[39m[1m[41m Failed Tests 1 
[49m[22m[31mΓÄ»ΓÄ»ΓÄ»ΓÄ»ΓÄ»ΓÄ»ΓÄ»[39m

[41m[1m FAIL [22m[49m src/components/settings/service_categories/ConfirmArc
hiveServiceCategoryModal/ConfirmArchiveServiceCategoryModal.test.tsx[2m > 
[22mConfirmArchiveServiceCategoryModal[2m > [22mrequires new category 
selection when reassigning services
[31m[1mAssertionError[22m: expected 2nd "spy" call to have been called with 
[ ObjectContaining{ΓÇª} ][39m

[32m- Expected[39m
[31m+ Received[39m

[2m  [[22m
[32m-   ObjectContaining {[39m
[32m-     "id": "1",[39m
[31m+   {[39m
[31m+     "deletedAt": 2026-03-12T21:09:20.777Z,[39m
[2m      "services": [],[22m
[2m    },[22m
[2m  ][22m

[36m [2mΓ¥»[22m src/components/settings/service_categories/ConfirmArchiveSer
viceCategoryModal/ConfirmArchiveServiceCategoryModal.test.tsx:[2m185:35[22m[
39m
    [90m183| [39m      services[33m:[39m [{ code[33m:[39m 
[32m"SVC1"[39m }][33m,[39m
    [90m184| [39m    })
    [90m185| [39m    [34mexpect[39m(updateServiceCategory)[33m.[39m[34mt
oHaveBeenNthCalledWith[39m(
    [90m   | [39m                                  [31m^[39m
    [90m186| [39m      [34m2[39m[33m,[39m
    [90m187| [39m      expect.objectContaining({ id: "1", services: [] }) // 
Archived aΓÇª

[31m[2mΓÄ»ΓÄ»ΓÄ»ΓÄ»ΓÄ»ΓÄ»ΓÄ»ΓÄ»ΓÄ»ΓÄ»ΓÄ»ΓÄ»ΓÄ»ΓÄ»ΓÄ»ΓÄ»ΓÄ»ΓÄ»ΓÄ»ΓÄ»ΓÄ»ΓÄ»ΓÄ»Γ
Ä»[1/1]ΓÄ»[22m[39m


[2m Test Files [22m [1m[31m2 failed[39m[22m[90m (2)[39m
[2m      Tests [22m [1m[31m3 failed[39m[22m[2m | [22m[1m[32m9 passed[39m[22m[90m (12)[39m
[2m   Start at [22m 14:09:18
[2m   Duration [22m 1.78s

[1m[41m FAIL [49m[22m [31mTests failed. Watching for file changes...[39m
       [2mpress [22m[1mh[22m[2m to show help[22m[2m, [22m[2mpress [22m[1mq[22m[2m to quit[22m
c[3J[1m[44m RERUN [49m[22m [34m[2msrc/components/settings/service_categories/ConfirmArchiveServiceCategoryModal/ConfirmArchiveServiceCategoryModal.tsx [22m[34mx4 [34m[39m

 [31mΓ¥»[39m src/lib/prisma/staff_user/updateStaffUser.test.ts [2m([22m[2m8 tests[22m[2m | [22m[31m2 failed[39m[2m)[22m[32m 14[2mms[22m[39m
[31m   [31m├ù[31m updateStaffUser[2m > [22mshould update staff user with valid data[39m[32m 10[2mms[22m[39m
[31m     ΓåÆ expected "spy" to be called with arguments: [ { ΓÇª(2) } ][90m

Received: 

[1m  1st spy call:

[22m[33m@@ -1,10 +1,16 @@[90m
[2m  [[22m
[2m    {[22m
[32m-     "data": ObjectContaining {[90m
[31m+     "data": {[90m
[31m+       "counter": undefined,[90m
[2m        "displayName": "Updated Name",[22m
[32m-       "updatedAt": Any<Date>,[90m
[31m+       "location": undefined,[90m
[31m+       "updatedAt": 2026-03-12T21:06:21.050Z,[90m
[31m+     },[90m
[31m+     "include": {[90m
[31m+       "counter": true,[90m
[31m+       "location": true,[90m
[2m      },[22m
[2m      "where": {[22m
[2m        "guid": "test-guid-123",[22m
[2m      },[22m
[2m    },[22m
[31m[90m

Number of calls: [1m1[22m
[31m[39m
   [32mΓ£ô[39m updateStaffUser[2m > [22mshould handle role change with SSO update[32m 1[2mms[22m[39m
   [32mΓ£ô[39m updateStaffUser[2m > [22mshould throw error when trying to assign role without permission[32m 1[2mms[22m[39m
[31m   [31m├ù[31m updateStaffUser[2m > [22mupdates using prevUser.guid when guid is missing[39m[32m 1[2mms[22m[39m
[31m     ΓåÆ expected "spy" to be called with arguments: [ { ΓÇª(2) } ][90m

Received: 

[1m  1st spy call:

[22m[33m@@ -1,9 +1,15 @@[90m
[2m  [[22m
[2m    {[22m
[32m-     "data": ObjectContaining {[90m
[32m-       "updatedAt": Any<Date>,[90m
[31m+     "data": {[90m
[31m+       "counter": undefined,[90m
[31m+       "location": undefined,[90m
[31m+       "updatedAt": 2026-03-12T21:06:21.061Z,[90m
[31m+     },[90m
[31m+     "include": {[90m
[31m+       "counter": true,[90m
[31m+       "location": true,[90m
[2m      },[22m
[2m      "where": {[22m
[2m        "guid": "test-guid-123",[22m
[2m      },[22m
[2m    },[22m
[31m[90m

Number of calls: [1m1[22m
[31m[39m
   [32mΓ£ô[39m updateStaffUser[2m > [22mupdates when sub is missing (no SSO changes)[32m 0[2mms[22m[39m
   [32mΓ£ô[39m updateStaffUser[2m > [22mshould return null when both guid and prevUser.guid are missing[32m 0[2mms[22m[39m
   [32mΓ£ô[39m updateStaffUser[2m > [22mshould not trigger role change when role is the same[32m 0[2mms[22m[39m
   [32mΓ£ô[39m updateStaffUser[2m > [22mshould not trigger SSO role change when new role is missing[32m 0[2mms[22m[39m
 [32mΓ£ô[39m src/components/settings/service_categories/ConfirmArchiveServiceCategoryModal/ConfirmArchiveServiceCategoryModal.test.tsx [2m([22m[2m4 tests[22m[2m)[22m[33m 1429[2mms[22m[39m
   [33m[2mΓ£ô[22m[39m ConfirmArchiveServiceCategoryModal[2m > [22mhandles services when archiving a category with services [33m 417[2mms[22m[39m
   [33m[2mΓ£ô[22m[39m ConfirmArchiveServiceCategoryModal[2m > [22mrequires new category selection when reassigning services [33m 434[2mms[22m[39m

[2m Test Files [22m [1m[31m1 failed[39m[22m[2m | [22m[1m[32m1 passed[39m[22m[90m (2)[39m
[2m      Tests [22m [1m[31m2 failed[39m[22m[2m | [22m[1m[32m10 passed[39m[22m[90m (12)[39m
[2m   Start at [22m 14:10:28
[2m   Duration [22m 1.82s

[1m[42m PASS [49m[22m [32mWaiting for file changes...[39m
       [2mpress [22m[1mh[22m[2m to show help[22m[2m, [22m[2mpress [22m[1mq[22m[2m to quit[22m
c[3J[1m[44m RERUN [49m[22m [34m[2msrc/components/settings/service_categories/ConfirmArchiveServiceCategoryModal/ConfirmArchiveServiceCategoryModal.tsx [22m[34mx5 [34m[39m

 [31mΓ¥»[39m src/lib/prisma/staff_user/updateStaffUser.test.ts [2m([22m[2m8 tests[22m[2m | [22m[31m2 failed[39m[2m)[22m[32m 14[2mms[22m[39m
[31m   [31m├ù[31m updateStaffUser[2m > [22mshould update staff user with valid data[39m[32m 10[2mms[22m[39m
[31m     ΓåÆ expected "spy" to be called with arguments: [ { ΓÇª(2) } ][90m

Received: 

[1m  1st spy call:

[22m[33m@@ -1,10 +1,16 @@[90m
[2m  [[22m
[2m    {[22m
[32m-     "data": ObjectContaining {[90m
[31m+     "data": {[90m
[31m+       "counter": undefined,[90m
[2m        "displayName": "Updated Name",[22m
[32m-       "updatedAt": Any<Date>,[90m
[31m+       "location": undefined,[90m
[31m+       "updatedAt": 2026-03-12T21:06:21.050Z,[90m
[31m+     },[90m
[31m+     "include": {[90m
[31m+       "counter": true,[90m
[31m+       "location": true,[90m
[2m      },[22m
[2m      "where": {[22m
[2m        "guid": "test-guid-123",[22m
[2m      },[22m
[2m    },[22m
[31m[90m

Number of calls: [1m1[22m
[31m[39m
   [32mΓ£ô[39m updateStaffUser[2m > [22mshould handle role change with SSO update[32m 1[2mms[22m[39m
   [32mΓ£ô[39m updateStaffUser[2m > [22mshould throw error when trying to assign role without permission[32m 1[2mms[22m[39m
[31m   [31m├ù[31m updateStaffUser[2m > [22mupdates using prevUser.guid when guid is missing[39m[32m 1[2mms[22m[39m
[31m     ΓåÆ expected "spy" to be called with arguments: [ { ΓÇª(2) } ][90m

Received: 

[1m  1st spy call:

[22m[33m@@ -1,9 +1,15 @@[90m
[2m  [[22m
[2m    {[22m
[32m-     "data": ObjectContaining {[90m
[32m-       "updatedAt": Any<Date>,[90m
[31m+     "data": {[90m
[31m+       "counter": undefined,[90m
[31m+       "location": undefined,[90m
[31m+       "updatedAt": 2026-03-12T21:06:21.061Z,[90m
[31m+     },[90m
[31m+     "include": {[90m
[31m+       "counter": true,[90m
[31m+       "location": true,[90m
[2m      },[22m
[2m      "where": {[22m
[2m        "guid": "test-guid-123",[22m
[2m      },[22m
[2m    },[22m
[31m[90m

Number of calls: [1m1[22m
[31m[39m
   [32mΓ£ô[39m updateStaffUser[2m > [22mupdates when sub is missing (no SSO changes)[32m 0[2mms[22m[39m
   [32mΓ£ô[39m updateStaffUser[2m > [22mshould return null when both guid and prevUser.guid are missing[32m 0[2mms[22m[39m
   [32mΓ£ô[39m updateStaffUser[2m > [22mshould not trigger role change when role is the same[32m 0[2mms[22m[39m
   [32mΓ£ô[39m updateStaffUser[2m > [22mshould not trigger SSO role change when new role is missing[32m 0[2mms[22m[39m
 [32mΓ£ô[39m src/components/settings/service_categories/ConfirmArchiveServiceCategoryModal/ConfirmArchiveServiceCategoryModal.test.tsx [2m([22m[2m4 tests[22m[2m)[22m[33m 1398[2mms[22m[39m
   [33m[2mΓ£ô[22m[39m ConfirmArchiveServiceCategoryModal[2m > [22mhandles services when archiving a category with services [33m 447[2mms[22m[39m
   [33m[2mΓ£ô[22m[39m ConfirmArchiveServiceCategoryModal[2m > [22mrequires new category selection when reassigning services [33m 445[2mms[22m[39m

[2m Test Files [22m [1m[31m1 failed[39m[22m[2m | [22m[1m[32m1 passed[39m[22m[90m (2)[39m
[2m      Tests [22m [1m[31m2 failed[39m[22m[2m | [22m[1m[32m10 passed[39m[22m[90m (12)[39m
[2m   Start at [22m 14:11:37
[2m   Duration [22m 1.76s

[1m[42m PASS [49m[22m [32mWaiting for file changes...[39m
       [2mpress [22m[1mh[22m[2m to show help[22m[2m, [22m[2mpress [22m[1mq[22m[2m to quit[22m
c[3J[1m[44m RERUN [49m[22m [34m[2msrc/components/settings/service_categories/ConfirmArchiveServiceCategoryModal/ConfirmArchiveServiceCategoryModal.tsx [22m[34mx6 [34m[39m

 [31mΓ¥»[39m src/lib/prisma/staff_user/updateStaffUser.test.ts [2m([22m[2m8 tests[22m[2m | [22m[31m2 failed[39m[2m)[22m[32m 14[2mms[22m[39m
[31m   [31m├ù[31m updateStaffUser[2m > [22mshould update staff user with valid data[39m[32m 10[2mms[22m[39m
[31m     ΓåÆ expected "spy" to be called with arguments: [ { ΓÇª(2) } ][90m

Received: 

[1m  1st spy call:

[22m[33m@@ -1,10 +1,16 @@[90m
[2m  [[22m
[2m    {[22m
[32m-     "data": ObjectContaining {[90m
[31m+     "data": {[90m
[31m+       "counter": undefined,[90m
[2m        "displayName": "Updated Name",[22m
[32m-       "updatedAt": Any<Date>,[90m
[31m+       "location": undefined,[90m
[31m+       "updatedAt": 2026-03-12T21:06:21.050Z,[90m
[31m+     },[90m
[31m+     "include": {[90m
[31m+       "counter": true,[90m
[31m+       "location": true,[90m
[2m      },[22m
[2m      "where": {[22m
[2m        "guid": "test-guid-123",[22m
[2m      },[22m
[2m    },[22m
[31m[90m

Number of calls: [1m1[22m
[31m[39m
   [32mΓ£ô[39m updateStaffUser[2m > [22mshould handle role change with SSO update[32m 1[2mms[22m[39m
   [32mΓ£ô[39m updateStaffUser[2m > [22mshould throw error when trying to assign role without permission[32m 1[2mms[22m[39m
[31m   [31m├ù[31m updateStaffUser[2m > [22mupdates using prevUser.guid when guid is missing[39m[32m 1[2mms[22m[39m
[31m     ΓåÆ expected "spy" to be called with arguments: [ { ΓÇª(2) } ][90m

Received: 

[1m  1st spy call:

[22m[33m@@ -1,9 +1,15 @@[90m
[2m  [[22m
[2m    {[22m
[32m-     "data": ObjectContaining {[90m
[32m-       "updatedAt": Any<Date>,[90m
[31m+     "data": {[90m
[31m+       "counter": undefined,[90m
[31m+       "location": undefined,[90m
[31m+       "updatedAt": 2026-03-12T21:06:21.061Z,[90m
[31m+     },[90m
[31m+     "include": {[90m
[31m+       "counter": true,[90m
[31m+       "location": true,[90m
[2m      },[22m
[2m      "where": {[22m
[2m        "guid": "test-guid-123",[22m
[2m      },[22m
[2m    },[22m
[31m[90m

Number of calls: [1m1[22m
[31m[39m
   [32mΓ£ô[39m updateStaffUser[2m > [22mupdates when sub is missing (no SSO changes)[32m 0[2mms[22m[39m
   [32mΓ£ô[39m updateStaffUser[2m > [22mshould return null when both guid and prevUser.guid are missing[32m 0[2mms[22m[39m
   [32mΓ£ô[39m updateStaffUser[2m > [22mshould not trigger role change when role is the same[32m 0[2mms[22m[39m
   [32mΓ£ô[39m updateStaffUser[2m > [22mshould not trigger SSO role change when new role is missing[32m 0[2mms[22m[39m
 [32mΓ£ô[39m src/components/settings/service_categories/ConfirmArchiveServiceCategoryModal/ConfirmArchiveServiceCategoryModal.test.tsx [2m([22m[2m4 tests[22m[2m)[22m[33m 1452[2mms[22m[39m
   [33m[2mΓ£ô[22m[39m ConfirmArchiveServiceCategoryModal[2m > [22mhandles services when archiving a category with services [33m 416[2mms[22m[39m
   [33m[2mΓ£ô[22m[39m ConfirmArchiveServiceCategoryModal[2m > [22mrequires new category selection when reassigning services [33m 479[2mms[22m[39m

[2m Test Files [22m [1m[31m1 failed[39m[22m[2m | [22m[1m[32m1 passed[39m[22m[90m (2)[39m
[2m      Tests [22m [1m[31m2 failed[39m[22m[2m | [22m[1m[32m10 passed[39m[22m[90m (12)[39m
[2m   Start at [22m 14:11:46
[2m   Duration [22m 1.82s

[1m[42m PASS [49m[22m [32mWaiting for file changes...[39m
       [2mpress [22m[1mh[22m[2m to show help[22m[2m, [22m[2mpress [22m[1mq[22m[2m to quit[22m
c[3J[1m[44m RERUN [49m[22m [34m[2msrc/components/settings/service_categories/ConfirmArchiveServiceCategoryModal/ConfirmArchiveServiceCategoryModal.test.tsx [22m[34mx7 [34m[39m

 [31mΓ¥»[39m src/lib/prisma/staff_user/updateStaffUser.test.ts [2m([22m[2m8 tests[22m[2m | [22m[31m2 failed[39m[2m)[22m[32m 14[2mms[22m[39m
[31m   [31m├ù[31m updateStaffUser[2m > [22mshould update staff user with valid data[39m[32m 10[2mms[22m[39m
[31m     ΓåÆ expected "spy" to be called with arguments: [ { ΓÇª(2) } ][90m

Received: 

[1m  1st spy call:

[22m[33m@@ -1,10 +1,16 @@[90m
[2m  [[22m
[2m    {[22m
[32m-     "data": ObjectContaining {[90m
[31m+     "data": {[90m
[31m+       "counter": undefined,[90m
[2m        "displayName": "Updated Name",[22m
[32m-       "updatedAt": Any<Date>,[90m
[31m+       "location": undefined,[90m
[31m+       "updatedAt": 2026-03-12T21:06:21.050Z,[90m
[31m+     },[90m
[31m+     "include": {[90m
[31m+       "counter": true,[90m
[31m+       "location": true,[90m
[2m      },[22m
[2m      "where": {[22m
[2m        "guid": "test-guid-123",[22m
[2m      },[22m
[2m    },[22m
[31m[90m

Number of calls: [1m1[22m
[31m[39m
   [32mΓ£ô[39m updateStaffUser[2m > [22mshould handle role change with SSO update[32m 1[2mms[22m[39m
   [32mΓ£ô[39m updateStaffUser[2m > [22mshould throw error when trying to assign role without permission[32m 1[2mms[22m[39m
[31m   [31m├ù[31m updateStaffUser[2m > [22mupdates using prevUser.guid when guid is missing[39m[32m 1[2mms[22m[39m
[31m     ΓåÆ expected "spy" to be called with arguments: [ { ΓÇª(2) } ][90m

Received: 

[1m  1st spy call:

[22m[33m@@ -1,9 +1,15 @@[90m
[2m  [[22m
[2m    {[22m
[32m-     "data": ObjectContaining {[90m
[32m-       "updatedAt": Any<Date>,[90m
[31m+     "data": {[90m
[31m+       "counter": undefined,[90m
[31m+       "location": undefined,[90m
[31m+       "updatedAt": 2026-03-12T21:06:21.061Z,[90m
[31m+     },[90m
[31m+     "include": {[90m
[31m+       "counter": true,[90m
[31m+       "location": true,[90m
[2m      },[22m
[2m      "where": {[22m
[2m        "guid": "test-guid-123",[22m
[2m      },[22m
[2m    },[22m
[31m[90m

Number of calls: [1m1[22m
[31m[39m
   [32mΓ£ô[39m updateStaffUser[2m > [22mupdates when sub is missing (no SSO changes)[32m 0[2mms[22m[39m
   [32mΓ£ô[39m updateStaffUser[2m > [22mshould return null when both guid and prevUser.guid are missing[32m 0[2mms[22m[39m
   [32mΓ£ô[39m updateStaffUser[2m > [22mshould not trigger role change when role is the same[32m 0[2mms[22m[39m
   [32mΓ£ô[39m updateStaffUser[2m > [22mshould not trigger SSO role change when new role is missing[32m 0[2mms[22m[39m
[90mstderr[2m | src/components/settings/service_categories/ConfirmArchiveServ
iceCategoryModal/ConfirmArchiveServiceCategoryModal.test.tsx[2m > 
[22m[2mConfirmArchiveServiceCategoryModal[2m > [22m[2marchives a service 
category when the correct name is entered and confirmed
[22m[39mError: Not implemented: navigation (except hash changes)
    at module.exports (C:\Repos\citz-sbc-queue\node_modules\jsdom\lib\jsdom\bro
wser\not-implemented.js:9:17)
    at navigateFetch (C:\Repos\citz-sbc-queue\node_modules\jsdom\lib\jsdom\livi
ng\window\navigation.js:77:3)
    at exports.navigate (C:\Repos\citz-sbc-queue\node_modules\jsdom\lib\jsdom\l
iving\window\navigation.js:55:3)
    at LocationImpl._locationObjectNavigate (C:\Repos\citz-sbc-queue\node_modul
es\jsdom\lib\jsdom\living\window\Location-impl.js:31:5)
    at LocationImpl._locationObjectSetterNavigate (C:\Repos\citz-sbc-queue\node
_modules\jsdom\lib\jsdom\living\window\Location-impl.js:25:17)
    at LocationImpl.set href [as href] (C:\Repos\citz-sbc-queue\node_modules\js
dom\lib\jsdom\living\window\Location-impl.js:47:10)
    at Location.set href [as href] (C:\Repos\citz-sbc-queue\node_modules\jsdom\
lib\jsdom\living\generated\Location.js:125:37)
    at handleSave (C:\Repos\citz-sbc-queue\src\components\settings\service_cate
gories\ConfirmArchiveServiceCategoryModal\ConfirmArchiveServiceCategoryModal.ts
x:97:25) [90mundefined[39m

[90mstderr[2m | src/components/settings/service_categories/ConfirmArchiveServ
iceCategoryModal/ConfirmArchiveServiceCategoryModal.test.tsx[2m > 
[22m[2mConfirmArchiveServiceCategoryModal[2m > [22m[2munarchives a 
service category when already archived and confirmation matches
[22m[39mError: Not implemented: navigation (except hash changes)
    at module.exports (C:\Repos\citz-sbc-queue\node_modules\jsdom\lib\jsdom\bro
wser\not-implemented.js:9:17)
    at navigateFetch (C:\Repos\citz-sbc-queue\node_modules\jsdom\lib\jsdom\livi
ng\window\navigation.js:77:3)
    at exports.navigate (C:\Repos\citz-sbc-queue\node_modules\jsdom\lib\jsdom\l
iving\window\navigation.js:55:3)
    at LocationImpl._locationObjectNavigate (C:\Repos\citz-sbc-queue\node_modul
es\jsdom\lib\jsdom\living\window\Location-impl.js:31:5)
    at LocationImpl._locationObjectSetterNavigate (C:\Repos\citz-sbc-queue\node
_modules\jsdom\lib\jsdom\living\window\Location-impl.js:25:17)
    at LocationImpl.set href [as href] (C:\Repos\citz-sbc-queue\node_modules\js
dom\lib\jsdom\living\window\Location-impl.js:47:10)
    at Location.set href [as href] (C:\Repos\citz-sbc-queue\node_modules\jsdom\
lib\jsdom\living\generated\Location.js:125:37)
    at handleSave (C:\Repos\citz-sbc-queue\src\components\settings\service_cate
gories\ConfirmArchiveServiceCategoryModal\ConfirmArchiveServiceCategoryModal.ts
x:97:25) [90mundefined[39m

[90mstderr[2m | src/components/settings/service_categories/ConfirmArchiveServ
iceCategoryModal/ConfirmArchiveServiceCategoryModal.test.tsx[2m > 
[22m[2mConfirmArchiveServiceCategoryModal[2m > [22m[2mhandles services 
when archiving a category with services
[22m[39mError: Not implemented: navigation (except hash changes)
    at module.exports (C:\Repos\citz-sbc-queue\node_modules\jsdom\lib\jsdom\bro
wser\not-implemented.js:9:17)
    at navigateFetch (C:\Repos\citz-sbc-queue\node_modules\jsdom\lib\jsdom\livi
ng\window\navigation.js:77:3)
    at exports.navigate (C:\Repos\citz-sbc-queue\node_modules\jsdom\lib\jsdom\l
iving\window\navigation.js:55:3)
    at LocationImpl._locationObjectNavigate (C:\Repos\citz-sbc-queue\node_modul
es\jsdom\lib\jsdom\living\window\Location-impl.js:31:5)
    at LocationImpl._locationObjectSetterNavigate (C:\Repos\citz-sbc-queue\node
_modules\jsdom\lib\jsdom\living\window\Location-impl.js:25:17)
    at LocationImpl.set href [as href] (C:\Repos\citz-sbc-queue\node_modules\js
dom\lib\jsdom\living\window\Location-impl.js:47:10)
    at Location.set href [as href] (C:\Repos\citz-sbc-queue\node_modules\jsdom\
lib\jsdom\living\generated\Location.js:125:37)
    at handleSave (C:\Repos\citz-sbc-queue\src\components\settings\service_cate
gories\ConfirmArchiveServiceCategoryModal\ConfirmArchiveServiceCategoryModal.ts
x:97:25) [90mundefined[39m

[90mstderr[2m | src/components/settings/service_categories/ConfirmArchiveServ
iceCategoryModal/ConfirmArchiveServiceCategoryModal.test.tsx[2m > 
[22m[2mConfirmArchiveServiceCategoryModal[2m > [22m[2mrequires new 
category selection when reassigning services
[22m[39mError: Not implemented: navigation (except hash changes)
    at module.exports (C:\Repos\citz-sbc-queue\node_modules\jsdom\lib\jsdom\bro
wser\not-implemented.js:9:17)
    at navigateFetch (C:\Repos\citz-sbc-queue\node_modules\jsdom\lib\jsdom\livi
ng\window\navigation.js:77:3)
    at exports.navigate (C:\Repos\citz-sbc-queue\node_modules\jsdom\lib\jsdom\l
iving\window\navigation.js:55:3)
    at LocationImpl._locationObjectNavigate (C:\Repos\citz-sbc-queue\node_modul
es\jsdom\lib\jsdom\living\window\Location-impl.js:31:5)
    at LocationImpl._locationObjectSetterNavigate (C:\Repos\citz-sbc-queue\node
_modules\jsdom\lib\jsdom\living\window\Location-impl.js:25:17)
    at LocationImpl.set href [as href] (C:\Repos\citz-sbc-queue\node_modules\js
dom\lib\jsdom\living\window\Location-impl.js:47:10)
    at Location.set href [as href] (C:\Repos\citz-sbc-queue\node_modules\jsdom\
lib\jsdom\living\generated\Location.js:125:37)
    at handleSave (C:\Repos\citz-sbc-queue\src\components\settings\service_cate
gories\ConfirmArchiveServiceCategoryModal\ConfirmArchiveServiceCategoryModal.ts
x:97:25) [90mundefined[39m

 [32mΓ£ô[39m src/components/settings/service_categories/ConfirmArchiveServiceCategoryModal/ConfirmArchiveServiceCategoryModal.test.tsx [2m([22m[2m4 tests[22m[2m)[22m[33m 1432[2mms[22m[39m
   [33m[2mΓ£ô[22m[39m ConfirmArchiveServiceCategoryModal[2m > [22mhandles services when archiving a category with services [33m 419[2mms[22m[39m
   [33m[2mΓ£ô[22m[39m ConfirmArchiveServiceCategoryModal[2m > [22mrequires new category selection when reassigning services [33m 481[2mms[22m[39m

[2m Test Files [22m [1m[31m1 failed[39m[22m[2m | [22m[1m[32m1 passed[39m[22m[90m (2)[39m
[2m      Tests [22m [1m[31m2 failed[39m[22m[2m | [22m[1m[32m10 passed[39m[22m[90m (12)[39m
[2m   Start at [22m 14:12:19
[2m   Duration [22m 1.77s

[1m[42m PASS [49m[22m [32mWaiting for file changes...[39m
       [2mpress [22m[1mh[22m[2m to show help[22m[2m, [22m[2mpress [22m[1mq[22m[2m to quit[22m
c[3J[1m[44m RERUN [49m[22m [34m[2msrc/lib/prisma/staff_user/updateStaffUser.test.ts [22m[34mx3 [34m[39m

 [31mΓ¥»[39m src/lib/prisma/staff_user/updateStaffUser.test.ts [2m([22m[2m8 tests[22m[2m | [22m[31m1 failed[39m[2m)[22m[32m 14[2mms[22m[39m
[31m   [31m├ù[31m updateStaffUser[2m > [22mshould update staff user with valid data[39m[32m 10[2mms[22m[39m
[31m     ΓåÆ expected "spy" to be called with arguments: [ { ΓÇª(2) } ][90m

Received: 

[1m  1st spy call:

[22m[33m@@ -1,10 +1,16 @@[90m
[2m  [[22m
[2m    {[22m
[32m-     "data": ObjectContaining {[90m
[31m+     "data": {[90m
[31m+       "counter": undefined,[90m
[2m        "displayName": "Updated Name",[22m
[32m-       "updatedAt": Any<Date>,[90m
[31m+       "location": undefined,[90m
[31m+       "updatedAt": 2026-03-12T21:13:28.959Z,[90m
[31m+     },[90m
[31m+     "include": {[90m
[31m+       "counter": true,[90m
[31m+       "location": true,[90m
[2m      },[22m
[2m      "where": {[22m
[2m        "guid": "test-guid-123",[22m
[2m      },[22m
[2m    },[22m
[31m[90m

Number of calls: [1m1[22m
[31m[39m
   [32mΓ£ô[39m updateStaffUser[2m > [22mshould handle role change with SSO update[32m 1[2mms[22m[39m
   [32mΓ£ô[39m updateStaffUser[2m > [22mshould throw error when trying to assign role without permission[32m 1[2mms[22m[39m
   [32mΓ£ô[39m updateStaffUser[2m > [22mupdates using prevUser.guid when guid is missing[32m 1[2mms[22m[39m
   [32mΓ£ô[39m updateStaffUser[2m > [22mupdates when sub is missing (no SSO changes)[32m 0[2mms[22m[39m
   [32mΓ£ô[39m updateStaffUser[2m > [22mshould return null when both guid and prevUser.guid are missing[32m 0[2mms[22m[39m
   [32mΓ£ô[39m updateStaffUser[2m > [22mshould not trigger role change when role is the same[32m 0[2mms[22m[39m
   [32mΓ£ô[39m updateStaffUser[2m > [22mshould not trigger SSO role change when new role is missing[32m 0[2mms[22m[39m

[31mΓÄ»ΓÄ»ΓÄ»ΓÄ»ΓÄ»ΓÄ»ΓÄ»[39m[1m[41m Failed Tests 1 
[49m[22m[31mΓÄ»ΓÄ»ΓÄ»ΓÄ»ΓÄ»ΓÄ»ΓÄ»[39m

[41m[1m FAIL [22m[49m 
src/lib/prisma/staff_user/updateStaffUser.test.ts[2m > 
[22mupdateStaffUser[2m > [22mshould update staff user with valid data
[31m[1mAssertionError[22m: expected "spy" to be called with arguments: [ { 
ΓÇª(2) } ][90m

Received: 

[1m  1st spy call:

[22m[33m@@ -1,10 +1,16 @@[90m
[2m  [[22m
[2m    {[22m
[32m-     "data": ObjectContaining {[90m
[31m+     "data": {[90m
[31m+       "counter": undefined,[90m
[2m        "displayName": "Updated Name",[22m
[32m-       "updatedAt": Any<Date>,[90m
[31m+       "location": undefined,[90m
[31m+       "updatedAt": 2026-03-12T21:13:28.959Z,[90m
[31m+     },[90m
[31m+     "include": {[90m
[31m+       "counter": true,[90m
[31m+       "location": true,[90m
[2m      },[22m
[2m      "where": {[22m
[2m        "guid": "test-guid-123",[22m
[2m      },[22m
[2m    },[22m
[31m[90m

Number of calls: [1m1[22m
[31m[39m
[36m [2mΓ¥»[22m 
src/lib/prisma/staff_user/updateStaffUser.test.ts:[2m92:37[22m[39m
    [90m 90| [39m
    [90m 91| [39m    
[34mexpect[39m(result)[33m.[39m[34mtoEqual[39m(updatedUser)
    [90m 92| [39m    [34mexpect[39m(prisma[33m.[39mstaffUser[33m.[39mup
date)[33m.[39m[34mtoHaveBeenCalledWith[39m({
    [90m   | [39m                                    [31m^[39m
    [90m 93| [39m      where[33m:[39m { guid[33m:[39m 
mockStaffUser[33m.[39mguid }[33m,[39m
    [90m 94| [39m      data: expect.objectContaining({ displayName: "Updated 
Name", updΓÇª

[31m[2mΓÄ»ΓÄ»ΓÄ»ΓÄ»ΓÄ»ΓÄ»ΓÄ»ΓÄ»ΓÄ»ΓÄ»ΓÄ»ΓÄ»ΓÄ»ΓÄ»ΓÄ»ΓÄ»ΓÄ»ΓÄ»ΓÄ»ΓÄ»ΓÄ»ΓÄ»ΓÄ»Γ
Ä»[1/1]ΓÄ»[22m[39m


[2m Test Files [22m [1m[31m1 failed[39m[22m[90m (1)[39m
[2m      Tests [22m [1m[31m1 failed[39m[22m[2m | [22m[1m[32m7 passed[39m[22m[90m (8)[39m
[2m   Start at [22m 14:13:28
[2m   Duration [22m 49ms

[1m[41m FAIL [49m[22m [31mTests failed. Watching for file changes...[39m
       [2mpress [22m[1mh[22m[2m to show help[22m[2m, [22m[2mpress [22m[1mq[22m[2m to quit[22m
c[3J[1m[44m RERUN [49m[22m [34m[2msrc/lib/prisma/staff_user/updateStaffUser.test.ts [22m[34mx4 [34m[39m

 [32mΓ£ô[39m src/lib/prisma/staff_user/updateStaffUser.test.ts [2m([22m[2m8 tests[22m[2m)[22m[32m 11[2mms[22m[39m

[2m Test Files [22m [1m[32m1 passed[39m[22m[90m (1)[39m
[2m      Tests [22m [1m[32m8 passed[39m[22m[90m (8)[39m
[2m   Start at [22m 14:13:38
[2m   Duration [22m 52ms

[1m[42m PASS [49m[22m [32mWaiting for file changes...[39m
       [2mpress [22m[1mh[22m[2m to show help[22m[2m, [22m[2mpress [22m[1mq[22m[2m to quit[22m
c[3J[1m[44m RERUN [49m[22m [34m[2msrc/lib/prisma/staff_user/updateStaffUser.test.ts [22m[34mx5 [34m[39m

 [32mΓ£ô[39m src/lib/prisma/staff_user/updateStaffUser.test.ts [2m([22m[2m8 tests[22m[2m)[22m[32m 5[2mms[22m[39m

[2m Test Files [22m [1m[32m1 passed[39m[22m[90m (1)[39m
[2m      Tests [22m [1m[32m8 passed[39m[22m[90m (8)[39m
[2m   Start at [22m 14:13:43
[2m   Duration [22m 28ms

[1m[42m PASS [49m[22m [32mWaiting for file changes...[39m
       [2mpress [22m[1mh[22m[2m to show help[22m[2m, [22m[2mpress [22m[1mq[22m[2m to quit[22m
c[3J[1m[44m RERUN [49m[22m [34m[2msrc/components/settings/service_categories/EditServiceCategoryModal/EditServiceCategoryModal.tsx [22m[34mx1 [34m[39m

 [32mΓ£ô[39m src/components/settings/service_categories/EditServiceCategoryModal/EditServiceCategoryModal.test.tsx [2m([22m[2m2 tests[22m[2m)[22m[32m 87[2mms[22m[39m

[2m Test Files [22m [1m[32m1 passed[39m[22m[90m (1)[39m
[2m      Tests [22m [1m[32m2 passed[39m[22m[90m (2)[39m
[2m   Start at [22m 15:01:40
[2m   Duration [22m 430ms

[1m[42m PASS [49m[22m [32mWaiting for file changes...[39m
       [2mpress [22m[1mh[22m[2m to show help[22m[2m, [22m[2mpress [22m[1mq[22m[2m to quit[22m
